Archive member included because of file (symbol)

d:/program files (x86)/polibuda/gnu tools arm embedded/4.9 2015q3/bin/../lib/gcc/arm-none-eabi/4.9.3/armv7e-m\libgcc.a(_arm_addsubdf3.o)
                              ..\obj\tm_stm32f4_timer_properties.o (__aeabi_ui2d)
d:/program files (x86)/polibuda/gnu tools arm embedded/4.9 2015q3/bin/../lib/gcc/arm-none-eabi/4.9.3/armv7e-m\libgcc.a(_arm_muldivdf3.o)
                              ..\obj\tm_stm32f4_timer_properties.o (__aeabi_ddiv)
d:/program files (x86)/polibuda/gnu tools arm embedded/4.9 2015q3/bin/../lib/gcc/arm-none-eabi/4.9.3/armv7e-m\libgcc.a(_arm_cmpdf2.o)
                              ..\obj\tm_stm32f4_timer_properties.o (__aeabi_dcmpeq)
d:/program files (x86)/polibuda/gnu tools arm embedded/4.9 2015q3/bin/../lib/gcc/arm-none-eabi/4.9.3/armv7e-m\libgcc.a(_arm_fixunsdfsi.o)
                              ..\obj\tm_stm32f4_timer_properties.o (__aeabi_d2uiz)
d:/program files (x86)/polibuda/gnu tools arm embedded/4.9 2015q3/bin/../lib/gcc/arm-none-eabi/4.9.3/../../../../arm-none-eabi/lib/armv7e-m\libg.a(lib_a-malloc.o)
                              ..\obj\tm_stm32f4_delay.o (malloc)
d:/program files (x86)/polibuda/gnu tools arm embedded/4.9 2015q3/bin/../lib/gcc/arm-none-eabi/4.9.3/../../../../arm-none-eabi/lib/armv7e-m\libg.a(lib_a-mallocr.o)
                              d:/program files (x86)/polibuda/gnu tools arm embedded/4.9 2015q3/bin/../lib/gcc/arm-none-eabi/4.9.3/../../../../arm-none-eabi/lib/armv7e-m\libg.a(lib_a-malloc.o) (_malloc_r)
d:/program files (x86)/polibuda/gnu tools arm embedded/4.9 2015q3/bin/../lib/gcc/arm-none-eabi/4.9.3/../../../../arm-none-eabi/lib/armv7e-m\libg.a(lib_a-mlock.o)
                              d:/program files (x86)/polibuda/gnu tools arm embedded/4.9 2015q3/bin/../lib/gcc/arm-none-eabi/4.9.3/../../../../arm-none-eabi/lib/armv7e-m\libg.a(lib_a-mallocr.o) (__malloc_lock)
d:/program files (x86)/polibuda/gnu tools arm embedded/4.9 2015q3/bin/../lib/gcc/arm-none-eabi/4.9.3/../../../../arm-none-eabi/lib/armv7e-m\libg.a(lib_a-sbrkr.o)
                              d:/program files (x86)/polibuda/gnu tools arm embedded/4.9 2015q3/bin/../lib/gcc/arm-none-eabi/4.9.3/../../../../arm-none-eabi/lib/armv7e-m\libg.a(lib_a-mallocr.o) (_sbrk_r)
d:/program files (x86)/polibuda/gnu tools arm embedded/4.9 2015q3/bin/../lib/gcc/arm-none-eabi/4.9.3/../../../../arm-none-eabi/lib/armv7e-m\libg.a(lib_a-freer.o)
                              d:/program files (x86)/polibuda/gnu tools arm embedded/4.9 2015q3/bin/../lib/gcc/arm-none-eabi/4.9.3/../../../../arm-none-eabi/lib/armv7e-m\libg.a(lib_a-malloc.o) (_free_r)
d:/program files (x86)/polibuda/gnu tools arm embedded/4.9 2015q3/bin/../lib/gcc/arm-none-eabi/4.9.3/../../../../arm-none-eabi/lib/armv7e-m\libg.a(lib_a-impure.o)
                              d:/program files (x86)/polibuda/gnu tools arm embedded/4.9 2015q3/bin/../lib/gcc/arm-none-eabi/4.9.3/../../../../arm-none-eabi/lib/armv7e-m\libg.a(lib_a-malloc.o) (_impure_ptr)
d:/program files (x86)/polibuda/gnu tools arm embedded/4.9 2015q3/bin/../lib/gcc/arm-none-eabi/4.9.3/../../../../arm-none-eabi/lib/armv7e-m\libg.a(lib_a-reent.o)
                              d:/program files (x86)/polibuda/gnu tools arm embedded/4.9 2015q3/bin/../lib/gcc/arm-none-eabi/4.9.3/../../../../arm-none-eabi/lib/armv7e-m\libg.a(lib_a-sbrkr.o) (errno)

Allocating common symbols
Common symbol       size              file

SET_TEST_MODE       0x4               ..\obj\usbd_core.o
errno               0x4               d:/program files (x86)/polibuda/gnu tools arm embedded/4.9 2015q3/bin/../lib/gcc/arm-none-eabi/4.9.3/../../../../arm-none-eabi/lib/armv7e-m\libg.a(lib_a-reent.o)
USB_OTG_dev         0x5f4             ..\obj\usbd_usr.o
mult                0x4               ..\obj\tm_stm32f4_delay.o
USBD_StrDesc        0x40              ..\obj\usbd_req.o

Discarded input sections

 .text          0x00000000        0x0 ..\obj\stm32f4xx_syscfg.o
 .data          0x00000000        0x0 ..\obj\stm32f4xx_syscfg.o
 .bss           0x00000000        0x0 ..\obj\stm32f4xx_syscfg.o
 .text.SYSCFG_DeInit
                0x00000000       0x1c ..\obj\stm32f4xx_syscfg.o
 .text.SYSCFG_MemoryRemapConfig
                0x00000000       0x20 ..\obj\stm32f4xx_syscfg.o
 .text.SYSCFG_MemorySwappingBank
                0x00000000       0x20 ..\obj\stm32f4xx_syscfg.o
 .text.SYSCFG_EXTILineConfig
                0x00000000       0x84 ..\obj\stm32f4xx_syscfg.o
 .text.SYSCFG_ETH_MediaInterfaceConfig
                0x00000000       0x1c ..\obj\stm32f4xx_syscfg.o
 .text.SYSCFG_CompensationCellCmd
                0x00000000       0x20 ..\obj\stm32f4xx_syscfg.o
 .text.SYSCFG_GetCompensationCellStatus
                0x00000000       0x34 ..\obj\stm32f4xx_syscfg.o
 .debug_info    0x00000000      0x290 ..\obj\stm32f4xx_syscfg.o
 .debug_abbrev  0x00000000      0x131 ..\obj\stm32f4xx_syscfg.o
 .debug_aranges
                0x00000000       0x50 ..\obj\stm32f4xx_syscfg.o
[...]
Memory Configuration

Name             Origin             Length             Attributes
rom              0x08000000         0x00100000         xr
ram              0x20000000         0x00020000         xrw
ram1             0x10000000         0x00010000         xrw
*default*        0x00000000         0xffffffff

Linker script and memory map

                0x20020000                _eram = 0x20020000

.text           0x08000000     0x4746
 *(.isr_vector)
 .isr_vector    0x08000000      0x1ac ..\obj\startup_stm32f4xx.o
                0x08000000                g_pfnVectors
 *(.text*)
 .text.USB_OTG_EnableCommonInt
                0x080001ac       0x44 ..\obj\usb_core.o
 .text.USB_OTG_CoreReset
                0x080001f0       0x8c ..\obj\usb_core.o
 .text.USB_OTG_WritePacket
                0x0800027c       0x78 ..\obj\usb_core.o
                0x0800027c                USB_OTG_WritePacket
 .text.USB_OTG_ReadPacket
                0x080002f4       0x58 ..\obj\usb_core.o
                0x080002f4                USB_OTG_ReadPacket
 .text.USB_OTG_SelectCore
                0x0800034c      0x17c ..\obj\usb_core.o
                0x0800034c                USB_OTG_SelectCore
 .text.USB_OTG_CoreInit
                0x080004c8      0x134 ..\obj\usb_core.o
                0x080004c8                USB_OTG_CoreInit
 .text.USB_OTG_EnableGlobalInt
                0x080005fc       0x38 ..\obj\usb_core.o
                0x080005fc                USB_OTG_EnableGlobalInt
 .text.USB_OTG_DisableGlobalInt
                0x08000634       0x38 ..\obj\usb_core.o
                0x08000634                USB_OTG_DisableGlobalInt
 .text.USB_OTG_FlushTxFifo
                0x0800066c       0x7c ..\obj\usb_core.o
                0x0800066c                USB_OTG_FlushTxFifo
 .text.USB_OTG_FlushRxFifo
                0x080006e8       0x60 ..\obj\usb_core.o
                0x080006e8                USB_OTG_FlushRxFifo
 .text.USB_OTG_SetCurrentMode
                0x08000748       0x60 ..\obj\usb_core.o
                0x08000748                USB_OTG_SetCurrentMode
 .text.USB_OTG_GetMode
                0x080007a8       0x20 ..\obj\usb_core.o
                0x080007a8                USB_OTG_GetMode
 .text.USB_OTG_IsDeviceMode
                0x080007c8       0x24 ..\obj\usb_core.o
                0x080007c8                USB_OTG_IsDeviceMode
 .text.USB_OTG_ReadCoreItr
                0x080007ec       0x30 ..\obj\usb_core.o
                0x080007ec                USB_OTG_ReadCoreItr
 .text.USB_OTG_InitDevSpeed
                0x0800081c       0x38 ..\obj\usb_core.o
                0x0800081c                USB_OTG_InitDevSpeed
 .text.USB_OTG_CoreInitDev
                0x08000854      0x264 ..\obj\usb_core.o
                0x08000854                USB_OTG_CoreInitDev
 .text.USB_OTG_EnableDevInt
                0x08000ab8       0xa8 ..\obj\usb_core.o
                0x08000ab8                USB_OTG_EnableDevInt
 .text.USB_OTG_GetDeviceSpeed
                0x08000b60       0x48 ..\obj\usb_core.o
                0x08000b60                USB_OTG_GetDeviceSpeed
 .text.USB_OTG_EP0Activate
                0x08000ba8       0x78 ..\obj\usb_core.o
                0x08000ba8                USB_OTG_EP0Activate
 .text.USB_OTG_EPActivate
                0x08000c20       0xdc ..\obj\usb_core.o
                0x08000c20                USB_OTG_EPActivate
 .text.USB_OTG_EPDeactivate
                0x08000cfc       0x8c ..\obj\usb_core.o
                0x08000cfc                USB_OTG_EPDeactivate
 .text.USB_OTG_EPStartXfer
                0x08000d88      0x280 ..\obj\usb_core.o
                0x08000d88                USB_OTG_EPStartXfer
 .text.USB_OTG_EP0StartXfer
                0x08001008      0x1d4 ..\obj\usb_core.o
                0x08001008                USB_OTG_EP0StartXfer
 .text.USB_OTG_EPSetStall
                0x080011dc       0x88 ..\obj\usb_core.o
                0x080011dc                USB_OTG_EPSetStall
 .text.USB_OTG_EPClearStall
                0x08001264       0x78 ..\obj\usb_core.o
                0x08001264                USB_OTG_EPClearStall
 .text.USB_OTG_ReadDevAllOutEp_itr
                0x080012dc       0x2c ..\obj\usb_core.o
                0x080012dc                USB_OTG_ReadDevAllOutEp_itr
 .text.USB_OTG_ReadDevOutEP_itr
                0x08001308       0x38 ..\obj\usb_core.o
                0x08001308                USB_OTG_ReadDevOutEP_itr
 .text.USB_OTG_ReadDevAllInEPItr
                0x08001340       0x2c ..\obj\usb_core.o
                0x08001340                USB_OTG_ReadDevAllInEPItr
 .text.USB_OTG_EP0_OutStart
                0x0800136c       0x70 ..\obj\usb_core.o
                0x0800136c                USB_OTG_EP0_OutStart
 .text.USB_OTG_UngateClock
                0x080013dc       0x54 ..\obj\usb_core.o
                0x080013dc                USB_OTG_UngateClock
 .text.TM_USB_HIDDEVICE_Init
                0x08001430       0x3c ..\obj\tm_stm32f4_usb_hid_device.o
                0x08001430                TM_USB_HIDDEVICE_Init
 .text.TM_USB_HIDDEVICE_GetStatus
                0x0800146c       0x18 ..\obj\tm_stm32f4_usb_hid_device.o
                0x0800146c                TM_USB_HIDDEVICE_GetStatus
 .text.TM_USB_HIDDEVICE_MouseStructInit
                0x08001484       0x40 ..\obj\tm_stm32f4_usb_hid_device.o
                0x08001484                TM_USB_HIDDEVICE_MouseStructInit
 .text.TM_USB_HIDDEVICE_GamepadStructInit
                0x080014c4       0x94 ..\obj\tm_stm32f4_usb_hid_device.o
                0x080014c4                TM_USB_HIDDEVICE_GamepadStructInit
 .text.TM_USB_HIDDEVICE_KeyboardStructInit
                0x08001558       0x70 ..\obj\tm_stm32f4_usb_hid_device.o
                0x08001558                TM_USB_HIDDEVICE_KeyboardStructInit
 .text.TM_USB_HIDDEVICE_KeyboardSend
                0x080015c8      0x120 ..\obj\tm_stm32f4_usb_hid_device.o
                0x080015c8                TM_USB_HIDDEVICE_KeyboardSend
 .text.USBD_USR_Init
                0x080016e8       0x18 ..\obj\usbd_usr.o
                0x080016e8                USBD_USR_Init
 .text.USBD_USR_DeviceReset
                0x08001700       0x20 ..\obj\usbd_usr.o
                0x08001700                USBD_USR_DeviceReset
 .text.USBD_USR_DeviceConfigured
                0x08001720       0x18 ..\obj\usbd_usr.o
                0x08001720                USBD_USR_DeviceConfigured
 .text.USBD_USR_DeviceConnected
                0x08001738       0x18 ..\obj\usbd_usr.o
                0x08001738                USBD_USR_DeviceConnected
 .text.USBD_USR_DeviceDisconnected
                0x08001750       0x18 ..\obj\usbd_usr.o
                0x08001750                USBD_USR_DeviceDisconnected
 .text.USBD_USR_DeviceSuspended
                0x08001768       0x18 ..\obj\usbd_usr.o
                0x08001768                USBD_USR_DeviceSuspended
 .text.USBD_USR_DeviceResumed
                0x08001780       0x18 ..\obj\usbd_usr.o
                0x08001780                USBD_USR_DeviceResumed
 .text.TM_DISCO_LedInit
                0x08001798       0x2c ..\obj\tm_stm32f4_disco.o
                0x08001798                TM_DISCO_LedInit
 .text.TM_DISCO_ButtonInit
                0x080017c4       0x24 ..\obj\tm_stm32f4_disco.o
                0x080017c4                TM_DISCO_ButtonInit
 .text.Default_Reset_Handler
                0x080017e8       0x58 ..\obj\startup_stm32f4xx.o
                0x080017e8                Default_Reset_Handler
                0x080017e8                Reset_Handler
 .text.Default_Handler
                0x08001840        0x8 ..\obj\startup_stm32f4xx.o
                0x08001840                RTC_Alarm_IRQHandler
                0x08001840                HASH_RNG_IRQHandler
                0x08001840                EXTI2_IRQHandler
                0x08001840                TIM8_CC_IRQHandler
                0x08001840                DebugMon_Handler
                0x08001840                UART8_IRQHandler
                0x08001840                SPI4_IRQHandler
                0x08001840                TIM1_CC_IRQHandler
                0x08001840                DMA2_Stream5_IRQHandler
                0x08001840                HardFault_Handler
                0x08001840                DMA1_Stream5_IRQHandler
                0x08001840                PVD_IRQHandler
                0x08001840                SDIO_IRQHandler
                0x08001840                TAMP_STAMP_IRQHandler
                0x08001840                PendSV_Handler
                0x08001840                NMI_Handler
                0x08001840                CAN2_RX1_IRQHandler
                0x08001840                EXTI3_IRQHandler
                0x08001840                TIM8_TRG_COM_TIM14_IRQHandler
                0x08001840                TIM1_UP_TIM10_IRQHandler
                0x08001840                TIM8_UP_TIM13_IRQHandler
                0x08001840                I2C3_ER_IRQHandler
                0x08001840                EXTI0_IRQHandler
                0x08001840                I2C2_EV_IRQHandler
                0x08001840                DMA1_Stream2_IRQHandler
                0x08001840                CAN1_RX0_IRQHandler
                0x08001840                FPU_IRQHandler
                0x08001840                OTG_HS_WKUP_IRQHandler
                0x08001840                UsageFault_Handler
                0x08001840                LTDC_ER_IRQHandler
                0x08001840                CAN2_SCE_IRQHandler
                0x08001840                DMA2_Stream2_IRQHandler
                0x08001840                SPI1_IRQHandler
                0x08001840                TIM6_DAC_IRQHandler
                0x08001840                TIM1_BRK_TIM9_IRQHandler
                0x08001840                DCMI_IRQHandler
                0x08001840                CAN2_RX0_IRQHandler
                0x08001840                DMA2_Stream3_IRQHandler
                0x08001840                USART6_IRQHandler
                0x08001840                USART3_IRQHandler
                0x08001840                CRYP_IRQHandler
                0x08001840                CAN1_RX1_IRQHandler
                0x08001840                UART5_IRQHandler
                0x08001840                DMA2_Stream0_IRQHandler
                0x08001840                TIM4_IRQHandler
                0x08001840                I2C1_EV_IRQHandler
                0x08001840                DMA1_Stream6_IRQHandler
                0x08001840                DMA1_Stream1_IRQHandler
                0x08001840                UART4_IRQHandler
                0x08001840                TIM3_IRQHandler
                0x08001840                RCC_IRQHandler
                0x08001840                TIM8_BRK_TIM12_IRQHandler
                0x08001840                EXTI15_10_IRQHandler
                0x08001840                ADC_IRQHandler
                0x08001840                DMA1_Stream7_IRQHandler
                0x08001840                SPI5_IRQHandler
                0x08001840                TIM7_IRQHandler
                0x08001840                CAN2_TX_IRQHandler
                0x08001840                TIM5_IRQHandler
                0x08001840                DMA2_Stream7_IRQHandler
                0x08001840                I2C3_EV_IRQHandler
                0x08001840                EXTI9_5_IRQHandler
                0x08001840                RTC_WKUP_IRQHandler
                0x08001840                LTDC_IRQHandler
                0x08001840                ETH_WKUP_IRQHandler
                0x08001840                SPI2_IRQHandler
                0x08001840                OTG_HS_EP1_IN_IRQHandler
                0x08001840                MemManage_Handler
                0x08001840                DMA1_Stream0_IRQHandler
                0x08001840                CAN1_TX_IRQHandler
                0x08001840                SVC_Handler
                0x08001840                EXTI4_IRQHandler
                0x08001840                ETH_IRQHandler
                0x08001840                OTG_HS_EP1_OUT_IRQHandler
                0x08001840                WWDG_IRQHandler
                0x08001840                SPI6_IRQHandler
                0x08001840                TIM2_IRQHandler
                0x08001840                TIM1_TRG_COM_TIM11_IRQHandler
                0x08001840                OTG_HS_IRQHandler
                0x08001840                DMA2D_IRQHandler
                0x08001840                EXTI1_IRQHandler
                0x08001840                UART7_IRQHandler
                0x08001840                USART2_IRQHandler
                0x08001840                I2C2_ER_IRQHandler
                0x08001840                DMA2_Stream1_IRQHandler
                0x08001840                CAN1_SCE_IRQHandler
                0x08001840                FLASH_IRQHandler
                0x08001840                DMA2_Stream4_IRQHandler
                0x08001840                BusFault_Handler
                0x08001840                USART1_IRQHandler
                0x08001840                SPI3_IRQHandler
                0x08001840                DMA1_Stream4_IRQHandler
                0x08001840                I2C1_ER_IRQHandler
                0x08001840                FMC_IRQHandler
                0x08001840                DMA2_Stream6_IRQHandler
                0x08001840                SAI1_IRQHandler
                0x08001840                DMA1_Stream3_IRQHandler
 .text.USBD_HID_Init
                0x08001848       0x30 ..\obj\usbd_hid_core.o
 .text.USBD_HID_DeInit
                0x08001878       0x28 ..\obj\usbd_hid_core.o
 .text.USBD_HID_Setup
                0x080018a0      0x134 ..\obj\usbd_hid_core.o
 .text.USBD_HID_SendReport
                0x080019d4       0x30 ..\obj\usbd_hid_core.o
                0x080019d4                USBD_HID_SendReport
 .text.USBD_HID_GetCfgDesc
                0x08001a04       0x24 ..\obj\usbd_hid_core.o
 .text.USBD_HID_DataIn
                0x08001a28       0x20 ..\obj\usbd_hid_core.o
 .text.USBD_Init
                0x08001a48       0x54 ..\obj\usbd_core.o
                0x08001a48                USBD_Init
 .text.USBD_DeInit
                0x08001a9c       0x18 ..\obj\usbd_core.o
                0x08001a9c                USBD_DeInit
 .text.USBD_SetupStage
                0x08001ab4       0x6c ..\obj\usbd_core.o
 .text.USBD_DataOutStage
                0x08001b20       0xcc ..\obj\usbd_core.o
 .text.USBD_DataInStage
                0x08001bec      0x11c ..\obj\usbd_core.o
 .text.USBD_RunTestMode
                0x08001d08       0x24 ..\obj\usbd_core.o
 .text.USBD_Reset
                0x08001d2c       0x44 ..\obj\usbd_core.o
 .text.USBD_Resume
                0x08001d70       0x30 ..\obj\usbd_core.o
 .text.USBD_Suspend
                0x08001da0       0x30 ..\obj\usbd_core.o
 .text.USBD_SOF
                0x08001dd0       0x2c ..\obj\usbd_core.o
 .text.USBD_SetCfg
                0x08001dfc       0x30 ..\obj\usbd_core.o
                0x08001dfc                USBD_SetCfg
 .text.USBD_ClrCfg
                0x08001e2c       0x28 ..\obj\usbd_core.o
                0x08001e2c                USBD_ClrCfg
 .text.USBD_IsoINIncomplete
                0x08001e54       0x20 ..\obj\usbd_core.o
 .text.USBD_IsoOUTIncomplete
                0x08001e74       0x20 ..\obj\usbd_core.o
 .text.USBD_DevConnected
                0x08001e94       0x24 ..\obj\usbd_core.o
 .text.USBD_DevDisconnected
                0x08001eb8       0x34 ..\obj\usbd_core.o
 .text.main     0x08001eec       0xd0 ..\obj\main.o
                0x08001eec                main
 .text.RCC_HSEConfig
                0x08001fbc       0x24 ..\obj\stm32f4xx_rcc.o
                0x08001fbc                RCC_HSEConfig
 .text.RCC_PLLCmd
                0x08001fe0       0x20 ..\obj\stm32f4xx_rcc.o
                0x08001fe0                RCC_PLLCmd
 .text.RCC_SYSCLKConfig
                0x08002000       0x38 ..\obj\stm32f4xx_rcc.o
                0x08002000                RCC_SYSCLKConfig
 .text.RCC_GetSYSCLKSource
                0x08002038       0x20 ..\obj\stm32f4xx_rcc.o
                0x08002038                RCC_GetSYSCLKSource
 .text.RCC_AHB1PeriphClockCmd
                0x08002058       0x3c ..\obj\stm32f4xx_rcc.o
                0x08002058                RCC_AHB1PeriphClockCmd
 .text.RCC_AHB2PeriphClockCmd
                0x08002094       0x3c ..\obj\stm32f4xx_rcc.o
                0x08002094                RCC_AHB2PeriphClockCmd
 .text.RCC_APB2PeriphClockCmd
                0x080020d0       0x3c ..\obj\stm32f4xx_rcc.o
                0x080020d0                RCC_APB2PeriphClockCmd
 .text.RCC_APB1PeriphResetCmd
                0x0800210c       0x3c ..\obj\stm32f4xx_rcc.o
                0x0800210c                RCC_APB1PeriphResetCmd
 .text.RCC_GetFlagStatus
                0x08002148       0x74 ..\obj\stm32f4xx_rcc.o
                0x08002148                RCC_GetFlagStatus
 .text.NVIC_SetPriority
                0x080021bc       0x54 ..\obj\tm_stm32f4_delay.o
 .text.SysTick_Config
                0x08002210       0x44 ..\obj\tm_stm32f4_delay.o
 .text.SysTick_Handler
                0x08002254       0xf0 ..\obj\tm_stm32f4_delay.o
                0x08002254                SysTick_Handler
 .text.TM_DELAY_Init
                0x08002344       0x4c ..\obj\tm_stm32f4_delay.o
                0x08002344                TM_DELAY_Init
 .text.USBD_USR_DeviceDescriptor
                0x08002390       0x24 ..\obj\usbd_desc.o
                0x08002390                USBD_USR_DeviceDescriptor
 .text.USBD_USR_LangIDStrDescriptor
                0x080023b4       0x24 ..\obj\usbd_desc.o
                0x080023b4                USBD_USR_LangIDStrDescriptor
 .text.USBD_USR_ProductStrDescriptor
                0x080023d8       0x40 ..\obj\usbd_desc.o
                0x080023d8                USBD_USR_ProductStrDescriptor
 .text.USBD_USR_ManufacturerStrDescriptor
                0x08002418       0x28 ..\obj\usbd_desc.o
                0x08002418                USBD_USR_ManufacturerStrDescriptor
 .text.USBD_USR_SerialStrDescriptor
                0x08002440       0x40 ..\obj\usbd_desc.o
                0x08002440                USBD_USR_SerialStrDescriptor
 .text.USBD_USR_ConfigStrDescriptor
                0x08002480       0x3c ..\obj\usbd_desc.o
                0x08002480                USBD_USR_ConfigStrDescriptor
 .text.USBD_USR_InterfaceStrDescriptor
                0x080024bc       0x3c ..\obj\usbd_desc.o
                0x080024bc                USBD_USR_InterfaceStrDescriptor
 .text.GPIO_Init
                0x080024f8      0x11c ..\obj\stm32f4xx_gpio.o
                0x080024f8                GPIO_Init
 .text.GPIO_PinAFConfig
                0x08002614       0x90 ..\obj\stm32f4xx_gpio.o
                0x08002614                GPIO_PinAFConfig
 .text.SystemInit
                0x080026a4       0x58 ..\obj\system_stm32f4xx.o
                0x080026a4                SystemInit
 .text.SetSysClock
                0x080026fc       0xf4 ..\obj\system_stm32f4xx.o
 .text.USB_OTG_BSP_Init
                0x080027f0      0x104 ..\obj\usb_bsp.o
                0x080027f0                USB_OTG_BSP_Init
 .text.USB_OTG_BSP_EnableInterrupt
                0x080028f4       0x30 ..\obj\usb_bsp.o
                0x080028f4                USB_OTG_BSP_EnableInterrupt
 .text.USB_OTG_BSP_uDelay
                0x08002924       0x48 ..\obj\usb_bsp.o
                0x08002924                USB_OTG_BSP_uDelay
 .text.USB_OTG_BSP_mDelay
                0x0800296c       0x20 ..\obj\usb_bsp.o
                0x0800296c                USB_OTG_BSP_mDelay
 .text.OTG_FS_WKUP_IRQHandler
                0x0800298c       0x6c ..\obj\usb_bsp.o
                0x0800298c                OTG_FS_WKUP_IRQHandler
 .text.OTG_FS_IRQHandler
                0x080029f8       0x10 ..\obj\usb_bsp.o
                0x080029f8                OTG_FS_IRQHandler
 .text.USBD_StdDevReq
                0x08002a08       0xa0 ..\obj\usbd_req.o
                0x08002a08                USBD_StdDevReq
 .text.USBD_StdItfReq
                0x08002aa8       0x68 ..\obj\usbd_req.o
                0x08002aa8                USBD_StdItfReq
 .text.USBD_StdEPReq
                0x08002b10      0x1b0 ..\obj\usbd_req.o
                0x08002b10                USBD_StdEPReq
 .text.USBD_GetDescriptor
                0x08002cc0      0x1b8 ..\obj\usbd_req.o
 .text.USBD_SetAddress
                0x08002e78       0x7c ..\obj\usbd_req.o
 .text.USBD_SetConfig
                0x08002ef4       0xf4 ..\obj\usbd_req.o
 .text.USBD_GetConfig
                0x08002fe8       0x60 ..\obj\usbd_req.o
 .text.USBD_GetStatus
                0x08003048       0x54 ..\obj\usbd_req.o
 .text.USBD_SetFeature
                0x0800309c       0xd8 ..\obj\usbd_req.o
 .text.USBD_ClrFeature
                0x08003174       0x50 ..\obj\usbd_req.o
 .text.USBD_ParseSetupRequest
                0x080031c4       0x90 ..\obj\usbd_req.o
                0x080031c4                USBD_ParseSetupRequest
 .text.USBD_CtlError
                0x08003254       0x28 ..\obj\usbd_req.o
                0x08003254                USBD_CtlError
 .text.USBD_GetString
                0x0800327c       0x84 ..\obj\usbd_req.o
                0x0800327c                USBD_GetString
 .text.USBD_GetLen
                0x08003300       0x30 ..\obj\usbd_req.o
 .text.USBD_OTG_ISR_Handler
                0x08003330      0x190 ..\obj\usb_dcd_int.o
                0x08003330                USBD_OTG_ISR_Handler
 .text.DCD_SessionRequest_ISR
                0x080034c0       0x34 ..\obj\usb_dcd_int.o
 .text.DCD_OTG_ISR
                0x080034f4       0x3c ..\obj\usb_dcd_int.o
 .text.DCD_HandleResume_ISR
                0x08003530       0x80 ..\obj\usb_dcd_int.o
 .text.DCD_HandleUSBSuspend_ISR
                0x080035b0       0xbc ..\obj\usb_dcd_int.o
 .text.DCD_HandleInEP_ISR
                0x0800366c      0x19c ..\obj\usb_dcd_int.o
 .text.DCD_HandleOutEP_ISR
                0x08003808      0x150 ..\obj\usb_dcd_int.o
 .text.DCD_HandleSof_ISR
                0x08003958       0x34 ..\obj\usb_dcd_int.o
 .text.DCD_HandleRxStatusQueueLevel_ISR
                0x0800398c      0x104 ..\obj\usb_dcd_int.o
 .text.DCD_WriteEmptyTxFifo
                0x08003a90       0xe4 ..\obj\usb_dcd_int.o
 .text.DCD_HandleUsbReset_ISR
                0x08003b74      0x120 ..\obj\usb_dcd_int.o
 .text.DCD_HandleEnumDone_ISR
                0x08003c94       0x78 ..\obj\usb_dcd_int.o
 .text.DCD_IsoINIncomplete_ISR
                0x08003d0c       0x34 ..\obj\usb_dcd_int.o
 .text.DCD_IsoOUTIncomplete_ISR
                0x08003d40       0x34 ..\obj\usb_dcd_int.o
 .text.DCD_ReadDevInEP
                0x08003d74       0x50 ..\obj\usb_dcd_int.o
 .text.EXTI_Init
                0x08003dc4       0xe4 ..\obj\stm32f4xx_exti.o
                0x08003dc4                EXTI_Init
 .text.EXTI_ClearITPendingBit
                0x08003ea8       0x1c ..\obj\stm32f4xx_exti.o
                0x08003ea8                EXTI_ClearITPendingBit
 .text.NVIC_PriorityGroupConfig
                0x08003ec4       0x24 ..\obj\misc.o
                0x08003ec4                NVIC_PriorityGroupConfig
 .text.NVIC_Init
                0x08003ee8       0xc0 ..\obj\misc.o
                0x08003ee8                NVIC_Init
 .text.DCD_Init
                0x08003fa8      0x104 ..\obj\usb_dcd.o
                0x08003fa8                DCD_Init
 .text.DCD_EP_Open
                0x080040ac       0xac ..\obj\usb_dcd.o
                0x080040ac                DCD_EP_Open
 .text.DCD_EP_Close
                0x08004158       0x74 ..\obj\usb_dcd.o
                0x08004158                DCD_EP_Close
 .text.DCD_EP_PrepareRx
                0x080041cc       0x84 ..\obj\usb_dcd.o
                0x080041cc                DCD_EP_PrepareRx
 .text.DCD_EP_Tx
                0x08004250       0x78 ..\obj\usb_dcd.o
                0x08004250                DCD_EP_Tx
 .text.DCD_EP_Stall
                0x080042c8       0x78 ..\obj\usb_dcd.o
                0x080042c8                DCD_EP_Stall
 .text.DCD_EP_ClrStall
                0x08004340       0x78 ..\obj\usb_dcd.o
                0x08004340                DCD_EP_ClrStall
 .text.DCD_EP_Flush
                0x080043b8       0x34 ..\obj\usb_dcd.o
                0x080043b8                DCD_EP_Flush
 .text.DCD_EP_SetAddress
                0x080043ec       0x3c ..\obj\usb_dcd.o
                0x080043ec                DCD_EP_SetAddress
 .text.TM_GPIO_Init
                0x08004428       0x44 ..\obj\tm_stm32f4_gpio.o
                0x08004428                TM_GPIO_Init
 .text.TM_GPIO_GetPortSource
                0x0800446c       0x24 ..\obj\tm_stm32f4_gpio.o
                0x0800446c                TM_GPIO_GetPortSource
 .text.TM_GPIO_INT_EnableClock
                0x08004490       0x2c ..\obj\tm_stm32f4_gpio.o
                0x08004490                TM_GPIO_INT_EnableClock
 .text.TM_GPIO_INT_Init
                0x080044bc      0x10c ..\obj\tm_stm32f4_gpio.o
                0x080044bc                TM_GPIO_INT_Init
 .text.USBD_CtlSendData
                0x080045c8       0x40 ..\obj\usbd_ioreq.o
                0x080045c8                USBD_CtlSendData
 .text.USBD_CtlContinueSendData
                0x08004608       0x28 ..\obj\usbd_ioreq.o
                0x08004608                USBD_CtlContinueSendData
 .text.USBD_CtlContinueRx
                0x08004630       0x28 ..\obj\usbd_ioreq.o
                0x08004630                USBD_CtlContinueRx
 .text.USBD_CtlSendStatus
                0x08004658       0x30 ..\obj\usbd_ioreq.o
                0x08004658                USBD_CtlSendStatus
 .text.USBD_CtlReceiveStatus
                0x08004688       0x30 ..\obj\usbd_ioreq.o
                0x08004688                USBD_CtlReceiveStatus
 *(.init)
 *(.fini)
 *crtbegin.o(.ctors)
 *crtbegin?.o(.ctors)
 *(EXCLUDE_FILE(*crtend.o *crtend?.o) .ctors)
 *(SORT(.ctors.*))
 *(.ctors)
 *crtbegin.o(.dtors)
 *crtbegin?.o(.dtors)
 *(EXCLUDE_FILE(*crtend.o *crtend?.o) .dtors)
 *(SORT(.dtors.*))
 *(.dtors)
 *(.rodata*)
 .rodata        0x080046b8       0x8e ..\obj\usbd_desc.o
 *(.eh_fram e*)

.glue_7         0x08004748        0x0
 .glue_7        0x00000000        0x0 linker stubs

.glue_7t        0x08004748        0x0
 .glue_7t       0x00000000        0x0 linker stubs

.vfp11_veneer   0x08004748        0x0
 .vfp11_veneer  0x00000000        0x0 linker stubs

.v4_bx          0x08004748        0x0
 .v4_bx         0x00000000        0x0 linker stubs

.iplt           0x08004748        0x0
 .iplt          0x00000000        0x0 ..\obj\stm32f4xx_syscfg.o

.rel.dyn        0x08004748        0x0
 .rel.iplt      0x00000000        0x0 ..\obj\stm32f4xx_syscfg.o

.ARM.extab
 *(.ARM.extab* .gnu.linkonce.armextab.*)
                0x08004748                __exidx_start = .

.ARM.exidx
 *(.ARM.exidx* .gnu.linkonce.armexidx.*)
                0x08004748                __exidx_end = .
                0x08004748                __etext = .
                0x08004746                _sidata = __etext

.data           0x20000000      0x1b8 load address 0x08004746
                0x20000000                __data_start__ = .
                0x20000000                _sdata = __data_start__
 *(vtable)
 *(.data*)
 .data          0x20000000       0x1c ..\obj\usbd_usr.o
                0x20000000                USR_cb
 .data          0x2000001c      0x115 ..\obj\usbd_hid_core.o
                0x2000001c                USBD_HID_cb
 *fill*         0x20000131        0x3 
 .data          0x20000134       0x30 ..\obj\usbd_core.o
                0x20000134                USBD_DCD_INT_cb
                0x20000160                USBD_DCD_INT_fops
 .data          0x20000164       0x40 ..\obj\usbd_desc.o
                0x20000164                USR_desc
                0x20000180                USBD_DeviceDesc
                0x20000194                USBD_DeviceQualifierDesc
                0x200001a0                USBD_LangIDDesc
 .data          0x200001a4       0x14 ..\obj\system_stm32f4xx.o
                0x200001a4                SystemCoreClock
                0x200001a8                AHBPrescTable
                0x200001b8                . = ALIGN (0x4)
                0x200001b8                PROVIDE (__preinit_array_start, .)
 *(.preinit_array)
                0x200001b8                PROVIDE (__preinit_array_end, .)
                0x200001b8                . = ALIGN (0x4)
                0x200001b8                PROVIDE (__init_array_start, .)
 *(SORT(.init_array.*))
 *(.init_array)
                0x200001b8                PROVIDE (__init_array_end, .)
                0x200001b8                . = ALIGN (0x4)
                0x200001b8                PROVIDE (__fini_array_start, .)
 *(SORT(.fini_array.*))
 *(.fini_array)
                0x200001b8                PROVIDE (__fini_array_end, .)
 *(.jcr*)
                0x200001b8                . = ALIGN (0x4)
                0x200001b8                __data_end__ = .
                0x200001b8                _edata = __data_end__

.igot.plt       0x200001b8        0x0 load address 0x08004900
 .igot.plt      0x00000000        0x0 ..\obj\stm32f4xx_syscfg.o

.bss            0x200001b8      0x69c load address 0x08004900
                0x200001b8                . = ALIGN (0x4)
                0x200001b8                __bss_start__ = .
                0x200001b8                _sbss = __bss_start__
 *(.bss*)
 .bss           0x200001b8        0x1 ..\obj\usbd_usr.o
                0x200001b8                TM_USB_HIDDEVICE_INT_Status
 *fill*         0x200001b9        0x3 
 .bss           0x200001bc        0xc ..\obj\usbd_hid_core.o
 .bss           0x200001c8       0x28 ..\obj\tm_stm32f4_delay.o
                0x200001c8                TM_TimingDelay
                0x200001cc                TM_Time
                0x200001d0                TM_Time2
                0x200001d4                TM_DELAY_Initialized
 .bss           0x200001f0        0xd ..\obj\usbd_req.o
                0x200001f0                USBD_ep_status
                0x200001f4                USBD_default_cfg
                0x200001f8                USBD_cfg_status
 *fill*         0x200001fd        0x3 
 .bss           0x20000200       0x16 ..\obj\tm_stm32f4_gpio.o
 *(COMMON)
 *fill*         0x20000216        0x2 
 COMMON         0x20000218      0x5f4 ..\obj\usbd_usr.o
                0x20000218                USB_OTG_dev
 COMMON         0x2000080c        0x4 ..\obj\usbd_core.o
                0x2000080c                SET_TEST_MODE
 COMMON         0x20000810        0x4 ..\obj\tm_stm32f4_delay.o
                0x20000810                mult
 COMMON         0x20000814       0x40 ..\obj\usbd_req.o
                0x20000814                USBD_StrDesc
                0x20000854                . = ALIGN (0x4)
                0x20000854                __bss_end__ = .
                0x20000854                _ebss = __bss_end__

.heap           0x20000854        0x0
                0x20000854                __end__ = .
                0x20000854                _end = __end__
                0x20000854                end = __end__
 *(.heap*)
                0x20000854                __HeapLimit = .

.co_stack       0x20000854      0x804 load address 0x08004f9c
                0x20000858                . = ALIGN (0x8)
 *fill*         0x20000854        0x4 
 *(.co_stack .co_stack.*)
 .co_stack      0x20000858      0x800 ..\obj\startup_stm32f4xx.o
                0x20000858                pulStack
                0x20020000                __StackTop = (ORIGIN (ram) + 0x20000)
                0x2001f7fc                __StackLimit = (__StackTop - SIZEOF (.co_stack))
                0x20020000                PROVIDE (__stack, __StackTop)
                0x00000001                ASSERT ((__StackLimit >= __HeapLimit), region ram  overflowed with stack)
LOAD ..\obj\stm32f4xx_syscfg.o
LOAD ..\obj\usb_core.o
LOAD ..\obj\stm32f4xx_sdio.o
LOAD ..\obj\tm_stm32f4_usb_hid_device.o
LOAD ..\obj\stm32f4xx_cryp_aes.o
LOAD ..\obj\stm32f4xx_dma2d.o
LOAD ..\obj\stm32f4xx_hash.o
LOAD ..\obj\usbd_usr.o
LOAD ..\obj\stm32f4xx_hash_sha1.o
LOAD ..\obj\stm32f4xx_usart.o
LOAD ..\obj\stm32f4xx_pwr.o
LOAD ..\obj\stm32f4xx_can.o
LOAD ..\obj\stm32f4xx_wwdg.o
LOAD ..\obj\stm32f4xx_hash_md5.o
LOAD ..\obj\stm32f4xx_dac.o
LOAD ..\obj\tm_stm32f4_disco.o
LOAD ..\obj\stm32f4xx_ltdc.o
LOAD ..\obj\startup_stm32f4xx.o
LOAD ..\obj\stm32f4xx_crc.o
LOAD ..\obj\usbd_hid_core.o
LOAD ..\obj\stm32f4xx_iwdg.o
LOAD ..\obj\usbd_core.o
LOAD ..\obj\main.o
LOAD ..\obj\stm32f4xx_rcc.o
LOAD ..\obj\stm32f4xx_adc.o
LOAD ..\obj\stm32f4xx_dcmi.o
LOAD ..\obj\tm_stm32f4_delay.o
LOAD ..\obj\usbd_desc.o
LOAD ..\obj\stm32f4xx_cryp_des.o
LOAD ..\obj\stm32f4xx_cryp.o
LOAD ..\obj\stm32f4xx_gpio.o
LOAD ..\obj\stm32f4xx_flash.o
LOAD ..\obj\stm32f4xx_sai.o
LOAD ..\obj\system_stm32f4xx.o
LOAD ..\obj\stm32f4xx_dma.o
LOAD ..\obj\usb_bsp.o
LOAD ..\obj\stm32f4xx_fmc.o
LOAD ..\obj\usbd_req.o
LOAD ..\obj\usb_dcd_int.o
LOAD ..\obj\stm32f4xx_spi.o
LOAD ..\obj\stm32f4xx_i2c.o
LOAD ..\obj\stm32f4xx_rng.o
LOAD ..\obj\stm32f4xx_exti.o
LOAD ..\obj\misc.o
LOAD ..\obj\usb_dcd.o
LOAD ..\obj\tm_stm32f4_gpio.o
LOAD ..\obj\stm32f4xx_rtc.o
LOAD ..\obj\tm_stm32f4_timer_properties.o
LOAD ..\obj\usbd_ioreq.o
LOAD ..\obj\stm32f4xx_cryp_tdes.o
LOAD ..\obj\stm32f4xx_tim.o
LOAD ..\obj\stm32f4xx_dbgmcu.o
START GROUP
LOAD d:/program files (x86)/polibuda/gnu tools arm embedded/4.9 2015q3/bin/../lib/gcc/arm-none-eabi/4.9.3/armv7e-m\libgcc.a
LOAD d:/program files (x86)/polibuda/gnu tools arm embedded/4.9 2015q3/bin/../lib/gcc/arm-none-eabi/4.9.3/../../../../arm-none-eabi/lib/armv7e-m\libg.a
LOAD d:/program files (x86)/polibuda/gnu tools arm embedded/4.9 2015q3/bin/../lib/gcc/arm-none-eabi/4.9.3/../../../../arm-none-eabi/lib/armv7e-m\libc.a
END GROUP
OUTPUT(stm32f429_project.elf elf32-littlearm)

.debug_info     0x00000000     0xfbc4
 .debug_info    0x00000000     0x2484 ..\obj\usb_core.o
 .debug_info    0x00002484     0x1007 ..\obj\tm_stm32f4_usb_hid_device.o
 .debug_info    0x0000348b      0xbb1 ..\obj\usbd_usr.o
 .debug_info    0x0000403c      0x263 ..\obj\tm_stm32f4_disco.o
 .debug_info    0x0000429f       0xed ..\obj\startup_stm32f4xx.o
 .debug_info    0x0000438c      0xcec ..\obj\usbd_hid_core.o
 .debug_info    0x00005078     0x1037 ..\obj\usbd_core.o
 .debug_info    0x000060af      0x491 ..\obj\main.o
 .debug_info    0x00006540      0xe11 ..\obj\stm32f4xx_rcc.o
 .debug_info    0x00007351      0xa56 ..\obj\tm_stm32f4_delay.o
 .debug_info    0x00007da7      0x363 ..\obj\usbd_desc.o
 .debug_info    0x0000810a      0x605 ..\obj\stm32f4xx_gpio.o
 .debug_info    0x0000870f      0x5b9 ..\obj\system_stm32f4xx.o
 .debug_info    0x00008cc8     0x126e ..\obj\usb_bsp.o
 .debug_info    0x00009f36      0xfdc ..\obj\usbd_req.o
 .debug_info    0x0000af12     0x1eee ..\obj\usb_dcd_int.o
 .debug_info    0x0000ce00      0x338 ..\obj\stm32f4xx_exti.o
 .debug_info    0x0000d138      0x53d ..\obj\misc.o
 .debug_info    0x0000d675     0x1040 ..\obj\usb_dcd.o
 .debug_info    0x0000e6b5      0x837 ..\obj\tm_stm32f4_gpio.o
 .debug_info    0x0000eeec      0xcd8 ..\obj\usbd_ioreq.o

.debug_abbrev   0x00000000     0x25a3
 .debug_abbrev  0x00000000      0x2e7 ..\obj\usb_core.o
 .debug_abbrev  0x000002e7      0x22c ..\obj\tm_stm32f4_usb_hid_device.o
 .debug_abbrev  0x00000513      0x19c ..\obj\usbd_usr.o
 .debug_abbrev  0x000006af       0xee ..\obj\tm_stm32f4_disco.o
 .debug_abbrev  0x0000079d       0xb0 ..\obj\startup_stm32f4xx.o
 .debug_abbrev  0x0000084d      0x1f6 ..\obj\usbd_hid_core.o
 .debug_abbrev  0x00000a43      0x275 ..\obj\usbd_core.o
 .debug_abbrev  0x00000cb8      0x105 ..\obj\main.o
 .debug_abbrev  0x00000dbd      0x1ba ..\obj\stm32f4xx_rcc.o
 .debug_abbrev  0x00000f77      0x2c4 ..\obj\tm_stm32f4_delay.o
 .debug_abbrev  0x0000123b      0x12c ..\obj\usbd_desc.o
 .debug_abbrev  0x00001367      0x1a3 ..\obj\stm32f4xx_gpio.o
 .debug_abbrev  0x0000150a      0x136 ..\obj\system_stm32f4xx.o
 .debug_abbrev  0x00001640      0x223 ..\obj\usb_bsp.o
 .debug_abbrev  0x00001863      0x2a4 ..\obj\usbd_req.o
 .debug_abbrev  0x00001b07      0x25b ..\obj\usb_dcd_int.o
 .debug_abbrev  0x00001d62      0x1a5 ..\obj\stm32f4xx_exti.o
 .debug_abbrev  0x00001f07      0x145 ..\obj\misc.o
 .debug_abbrev  0x0000204c      0x259 ..\obj\usb_dcd.o
 .debug_abbrev  0x000022a5      0x14f ..\obj\tm_stm32f4_gpio.o
 .debug_abbrev  0x000023f4      0x1af ..\obj\usbd_ioreq.o

.debug_aranges  0x00000000      0xa00
 .debug_aranges
                0x00000000      0x138 ..\obj\usb_core.o
 .debug_aranges
                0x00000138       0x78 ..\obj\tm_stm32f4_usb_hid_device.o
 .debug_aranges
                0x000001b0       0x50 ..\obj\usbd_usr.o
 .debug_aranges
                0x00000200       0x38 ..\obj\tm_stm32f4_disco.o
 .debug_aranges
                0x00000238       0x28 ..\obj\startup_stm32f4xx.o
 .debug_aranges
                0x00000260       0x48 ..\obj\usbd_hid_core.o
 .debug_aranges
                0x000002a8       0x98 ..\obj\usbd_core.o
 .debug_aranges
                0x00000340       0x20 ..\obj\main.o
 .debug_aranges
                0x00000360      0x1b8 ..\obj\stm32f4xx_rcc.o
 .debug_aranges
                0x00000518       0x80 ..\obj\tm_stm32f4_delay.o
 .debug_aranges
                0x00000598       0x50 ..\obj\usbd_desc.o
 .debug_aranges
                0x000005e8       0x88 ..\obj\stm32f4xx_gpio.o
 .debug_aranges
                0x00000670       0x30 ..\obj\system_stm32f4xx.o
 .debug_aranges
                0x000006a0       0x48 ..\obj\usb_bsp.o
 .debug_aranges
                0x000006e8       0x88 ..\obj\usbd_req.o
 .debug_aranges
                0x00000770       0x90 ..\obj\usb_dcd_int.o
 .debug_aranges
                0x00000800       0x58 ..\obj\stm32f4xx_exti.o
 .debug_aranges
                0x00000858       0x40 ..\obj\misc.o
 .debug_aranges
                0x00000898       0x80 ..\obj\usb_dcd.o
 .debug_aranges
                0x00000918       0x98 ..\obj\tm_stm32f4_gpio.o
 .debug_aranges
                0x000009b0       0x50 ..\obj\usbd_ioreq.o

.debug_ranges   0x00000000      0x8b0
 .debug_ranges  0x00000000      0x128 ..\obj\usb_core.o
 .debug_ranges  0x00000128       0x68 ..\obj\tm_stm32f4_usb_hid_device.o
 .debug_ranges  0x00000190       0x40 ..\obj\usbd_usr.o
 .debug_ranges  0x000001d0       0x28 ..\obj\tm_stm32f4_disco.o
 .debug_ranges  0x000001f8       0x18 ..\obj\startup_stm32f4xx.o
 .debug_ranges  0x00000210       0x38 ..\obj\usbd_hid_core.o
 .debug_ranges  0x00000248       0x88 ..\obj\usbd_core.o
 .debug_ranges  0x000002d0       0x10 ..\obj\main.o
 .debug_ranges  0x000002e0      0x1a8 ..\obj\stm32f4xx_rcc.o
 .debug_ranges  0x00000488       0x70 ..\obj\tm_stm32f4_delay.o
 .debug_ranges  0x000004f8       0x40 ..\obj\usbd_desc.o
 .debug_ranges  0x00000538       0x78 ..\obj\stm32f4xx_gpio.o
 .debug_ranges  0x000005b0       0x20 ..\obj\system_stm32f4xx.o
 .debug_ranges  0x000005d0       0x38 ..\obj\usb_bsp.o
 .debug_ranges  0x00000608       0x78 ..\obj\usbd_req.o
 .debug_ranges  0x00000680       0x80 ..\obj\usb_dcd_int.o
 .debug_ranges  0x00000700       0x48 ..\obj\stm32f4xx_exti.o
 .debug_ranges  0x00000748       0x30 ..\obj\misc.o
 .debug_ranges  0x00000778       0x70 ..\obj\usb_dcd.o
 .debug_ranges  0x000007e8       0x88 ..\obj\tm_stm32f4_gpio.o
 .debug_ranges  0x00000870       0x40 ..\obj\usbd_ioreq.o

.debug_line     0x00000000     0x4ec1
 .debug_line    0x00000000      0x766 ..\obj\usb_core.o
 .debug_line    0x00000766      0x451 ..\obj\tm_stm32f4_usb_hid_device.o
 .debug_line    0x00000bb7      0x316 ..\obj\usbd_usr.o
 .debug_line    0x00000ecd      0x315 ..\obj\tm_stm32f4_disco.o
 .debug_line    0x000011e2       0xcc ..\obj\startup_stm32f4xx.o
 .debug_line    0x000012ae      0x2af ..\obj\usbd_hid_core.o
 .debug_line    0x0000155d      0x3dc ..\obj\usbd_core.o
 .debug_line    0x00001939      0x386 ..\obj\main.o
 .debug_line    0x00001cbf      0x71a ..\obj\stm32f4xx_rcc.o
 .debug_line    0x000023d9      0x418 ..\obj\tm_stm32f4_delay.o
 .debug_line    0x000027f1      0x299 ..\obj\usbd_desc.o
 .debug_line    0x00002a8a      0x41b ..\obj\stm32f4xx_gpio.o
 .debug_line    0x00002ea5      0x26a ..\obj\system_stm32f4xx.o
 .debug_line    0x0000310f      0x3c9 ..\obj\usb_bsp.o
 .debug_line    0x000034d8      0x45b ..\obj\usbd_req.o
 .debug_line    0x00003933      0x468 ..\obj\usb_dcd_int.o
 .debug_line    0x00003d9b      0x36e ..\obj\stm32f4xx_exti.o
 .debug_line    0x00004109      0x317 ..\obj\misc.o
 .debug_line    0x00004420      0x3c5 ..\obj\usb_dcd.o
 .debug_line    0x000047e5      0x42d ..\obj\tm_stm32f4_gpio.o
 .debug_line    0x00004c12      0x2af ..\obj\usbd_ioreq.o

.debug_str      0x00000000     0x45b5
 .debug_str     0x00000000     0x13a2 ..\obj\usb_core.o
                               0x16cc (size before relaxing)
 .debug_str     0x000013a2      0x591 ..\obj\tm_stm32f4_usb_hid_device.o
                                0xea9 (size before relaxing)
 .debug_str     0x00001933      0x12c ..\obj\usbd_usr.o
                                0xb03 (size before relaxing)
 .debug_str     0x00001a5f      0x20c ..\obj\tm_stm32f4_disco.o
                                0x36e (size before relaxing)
 .debug_str     0x00001c6b       0xdb ..\obj\startup_stm32f4xx.o
                                0x172 (size before relaxing)
 .debug_str     0x00001d46      0x185 ..\obj\usbd_hid_core.o
                                0xa70 (size before relaxing)
 .debug_str     0x00001ecb      0x1de ..\obj\usbd_core.o
                                0xc0b (size before relaxing)
 .debug_str     0x000020a9       0xa5 ..\obj\main.o
                                0x4f5 (size before relaxing)
 .debug_str     0x0000214e      0x82c ..\obj\stm32f4xx_rcc.o
                                0x9c8 (size before relaxing)
 .debug_str     0x0000297a      0x85e ..\obj\tm_stm32f4_delay.o
                                0xa56 (size before relaxing)
 .debug_str     0x000031d8      0x1a3 ..\obj\usbd_desc.o
                                0x3d2 (size before relaxing)
 .debug_str     0x0000337b      0x283 ..\obj\stm32f4xx_gpio.o
                                0x4cb (size before relaxing)
 .debug_str     0x000035fe       0xe6 ..\obj\system_stm32f4xx.o
                                0x3ef (size before relaxing)
 .debug_str     0x000036e4      0x28c ..\obj\usb_bsp.o
                               0x12dd (size before relaxing)
 .debug_str     0x00003970      0x1af ..\obj\usbd_req.o
                                0xb70 (size before relaxing)
 .debug_str     0x00003b1f      0x3a7 ..\obj\usb_dcd_int.o
                               0x141c (size before relaxing)
 .debug_str     0x00003ec6      0x12b ..\obj\stm32f4xx_exti.o
                                0x377 (size before relaxing)
 .debug_str     0x00003ff1      0x13e ..\obj\misc.o
                                0x3f9 (size before relaxing)
 .debug_str     0x0000412f      0x15a ..\obj\usb_dcd.o
                                0xb94 (size before relaxing)
 .debug_str     0x00004289      0x218 ..\obj\tm_stm32f4_gpio.o
                                0x5f2 (size before relaxing)
 .debug_str     0x000044a1      0x114 ..\obj\usbd_ioreq.o
                                0xa20 (size before relaxing)

.comment        0x00000000       0x70
 .comment       0x00000000       0x70 ..\obj\usb_core.o
                                 0x71 (size before relaxing)
 .comment       0x00000000       0x71 ..\obj\tm_stm32f4_usb_hid_device.o
 .comment       0x00000000       0x71 ..\obj\usbd_usr.o
 .comment       0x00000000       0x71 ..\obj\tm_stm32f4_disco.o
 .comment       0x00000000       0x71 ..\obj\startup_stm32f4xx.o
 .comment       0x00000000       0x71 ..\obj\usbd_hid_core.o
 .comment       0x00000000       0x71 ..\obj\usbd_core.o
 .comment       0x00000000       0x71 ..\obj\main.o
 .comment       0x00000000       0x71 ..\obj\stm32f4xx_rcc.o
 .comment       0x00000000       0x71 ..\obj\tm_stm32f4_delay.o
 .comment       0x00000000       0x71 ..\obj\usbd_desc.o
 .comment       0x00000000       0x71 ..\obj\stm32f4xx_gpio.o
 .comment       0x00000000       0x71 ..\obj\system_stm32f4xx.o
 .comment       0x00000000       0x71 ..\obj\usb_bsp.o
 .comment       0x00000000       0x71 ..\obj\usbd_req.o
 .comment       0x00000000       0x71 ..\obj\usb_dcd_int.o
 .comment       0x00000000       0x71 ..\obj\stm32f4xx_exti.o
 .comment       0x00000000       0x71 ..\obj\misc.o
 .comment       0x00000000       0x71 ..\obj\usb_dcd.o
 .comment       0x00000000       0x71 ..\obj\tm_stm32f4_gpio.o
 .comment       0x00000000       0x71 ..\obj\usbd_ioreq.o

.ARM.attributes
                0x00000000       0x33
 .ARM.attributes
                0x00000000       0x33 ..\obj\usb_core.o
 .ARM.attributes
                0x00000033       0x33 ..\obj\tm_stm32f4_usb_hid_device.o
 .ARM.attributes
                0x00000066       0x33 ..\obj\usbd_usr.o
 .ARM.attributes
                0x00000099       0x33 ..\obj\tm_stm32f4_disco.o
 .ARM.attributes
                0x000000cc       0x33 ..\obj\startup_stm32f4xx.o
 .ARM.attributes
                0x000000ff       0x33 ..\obj\usbd_hid_core.o
 .ARM.attributes
                0x00000132       0x33 ..\obj\usbd_core.o
 .ARM.attributes
                0x00000165       0x33 ..\obj\main.o
 .ARM.attributes
                0x00000198       0x33 ..\obj\stm32f4xx_rcc.o
 .ARM.attributes
                0x000001cb       0x33 ..\obj\tm_stm32f4_delay.o
 .ARM.attributes
                0x000001fe       0x33 ..\obj\usbd_desc.o
 .ARM.attributes
                0x00000231       0x33 ..\obj\stm32f4xx_gpio.o
 .ARM.attributes
                0x00000264       0x33 ..\obj\system_stm32f4xx.o
 .ARM.attributes
                0x00000297       0x33 ..\obj\usb_bsp.o
 .ARM.attributes
                0x000002ca       0x33 ..\obj\usbd_req.o
 .ARM.attributes
                0x000002fd       0x33 ..\obj\usb_dcd_int.o
 .ARM.attributes
                0x00000330       0x33 ..\obj\stm32f4xx_exti.o
 .ARM.attributes
                0x00000363       0x33 ..\obj\misc.o
 .ARM.attributes
                0x00000396       0x33 ..\obj\usb_dcd.o
 .ARM.attributes
                0x000003c9       0x33 ..\obj\tm_stm32f4_gpio.o
 .ARM.attributes
                0x000003fc       0x33 ..\obj\usbd_ioreq.o

.debug_frame    0x00000000     0x2714
 .debug_frame   0x00000000      0x584 ..\obj\usb_core.o
 .debug_frame   0x00000584      0x1c8 ..\obj\tm_stm32f4_usb_hid_device.o
 .debug_frame   0x0000074c       0xf8 ..\obj\usbd_usr.o
 .debug_frame   0x00000844       0x98 ..\obj\tm_stm32f4_disco.o
 .debug_frame   0x000008dc       0x4c ..\obj\startup_stm32f4xx.o
 .debug_frame   0x00000928       0xec ..\obj\usbd_hid_core.o
 .debug_frame   0x00000a14      0x258 ..\obj\usbd_core.o
 .debug_frame   0x00000c6c       0x30 ..\obj\main.o
 .debug_frame   0x00000c9c      0x814 ..\obj\stm32f4xx_rcc.o
 .debug_frame   0x000014b0      0x1ec ..\obj\tm_stm32f4_delay.o
 .debug_frame   0x0000169c      0x114 ..\obj\usbd_desc.o
 .debug_frame   0x000017b0      0x23c ..\obj\stm32f4xx_gpio.o
 .debug_frame   0x000019ec       0x7c ..\obj\system_stm32f4xx.o
 .debug_frame   0x00001a68       0xdc ..\obj\usb_bsp.o
 .debug_frame   0x00001b44      0x210 ..\obj\usbd_req.o
 .debug_frame   0x00001d54      0x230 ..\obj\usb_dcd_int.o
 .debug_frame   0x00001f84      0x148 ..\obj\stm32f4xx_exti.o
 .debug_frame   0x000020cc       0xd8 ..\obj\misc.o
 .debug_frame   0x000021a4      0x1e8 ..\obj\usb_dcd.o
 .debug_frame   0x0000238c      0x278 ..\obj\tm_stm32f4_gpio.o
 .debug_frame   0x00002604      0x110 ..\obj\usbd_ioreq.o
