Archive member included because of file (symbol)

d:/program files (x86)/polibuda/gnu tools arm embedded/4.9 2015q3/bin/../lib/gcc/arm-none-eabi/4.9.3/armv7e-m\libgcc.a(_arm_addsubdf3.o)
                              ..\obj\tm_stm32f4_timer_properties.o (__aeabi_ui2d)
d:/program files (x86)/polibuda/gnu tools arm embedded/4.9 2015q3/bin/../lib/gcc/arm-none-eabi/4.9.3/armv7e-m\libgcc.a(_arm_muldivdf3.o)
                              ..\obj\tm_stm32f4_timer_properties.o (__aeabi_ddiv)
d:/program files (x86)/polibuda/gnu tools arm embedded/4.9 2015q3/bin/../lib/gcc/arm-none-eabi/4.9.3/armv7e-m\libgcc.a(_arm_cmpdf2.o)
                              ..\obj\tm_stm32f4_timer_properties.o (__aeabi_dcmpeq)
d:/program files (x86)/polibuda/gnu tools arm embedded/4.9 2015q3/bin/../lib/gcc/arm-none-eabi/4.9.3/armv7e-m\libgcc.a(_arm_fixunsdfsi.o)
                              ..\obj\tm_stm32f4_timer_properties.o (__aeabi_d2uiz)
d:/program files (x86)/polibuda/gnu tools arm embedded/4.9 2015q3/bin/../lib/gcc/arm-none-eabi/4.9.3/../../../../arm-none-eabi/lib/armv7e-m\libg.a(lib_a-malloc.o)
                              ..\obj\tm_stm32f4_delay.o (malloc)
d:/program files (x86)/polibuda/gnu tools arm embedded/4.9 2015q3/bin/../lib/gcc/arm-none-eabi/4.9.3/../../../../arm-none-eabi/lib/armv7e-m\libg.a(lib_a-mallocr.o)
                              d:/program files (x86)/polibuda/gnu tools arm embedded/4.9 2015q3/bin/../lib/gcc/arm-none-eabi/4.9.3/../../../../arm-none-eabi/lib/armv7e-m\libg.a(lib_a-malloc.o) (_malloc_r)
d:/program files (x86)/polibuda/gnu tools arm embedded/4.9 2015q3/bin/../lib/gcc/arm-none-eabi/4.9.3/../../../../arm-none-eabi/lib/armv7e-m\libg.a(lib_a-mlock.o)
                              d:/program files (x86)/polibuda/gnu tools arm embedded/4.9 2015q3/bin/../lib/gcc/arm-none-eabi/4.9.3/../../../../arm-none-eabi/lib/armv7e-m\libg.a(lib_a-mallocr.o) (__malloc_lock)
d:/program files (x86)/polibuda/gnu tools arm embedded/4.9 2015q3/bin/../lib/gcc/arm-none-eabi/4.9.3/../../../../arm-none-eabi/lib/armv7e-m\libg.a(lib_a-sbrkr.o)
                              d:/program files (x86)/polibuda/gnu tools arm embedded/4.9 2015q3/bin/../lib/gcc/arm-none-eabi/4.9.3/../../../../arm-none-eabi/lib/armv7e-m\libg.a(lib_a-mallocr.o) (_sbrk_r)
d:/program files (x86)/polibuda/gnu tools arm embedded/4.9 2015q3/bin/../lib/gcc/arm-none-eabi/4.9.3/../../../../arm-none-eabi/lib/armv7e-m\libg.a(lib_a-freer.o)
                              d:/program files (x86)/polibuda/gnu tools arm embedded/4.9 2015q3/bin/../lib/gcc/arm-none-eabi/4.9.3/../../../../arm-none-eabi/lib/armv7e-m\libg.a(lib_a-malloc.o) (_free_r)
d:/program files (x86)/polibuda/gnu tools arm embedded/4.9 2015q3/bin/../lib/gcc/arm-none-eabi/4.9.3/../../../../arm-none-eabi/lib/armv7e-m\libg.a(lib_a-impure.o)
                              d:/program files (x86)/polibuda/gnu tools arm embedded/4.9 2015q3/bin/../lib/gcc/arm-none-eabi/4.9.3/../../../../arm-none-eabi/lib/armv7e-m\libg.a(lib_a-malloc.o) (_impure_ptr)
d:/program files (x86)/polibuda/gnu tools arm embedded/4.9 2015q3/bin/../lib/gcc/arm-none-eabi/4.9.3/../../../../arm-none-eabi/lib/armv7e-m\libg.a(lib_a-reent.o)
                              d:/program files (x86)/polibuda/gnu tools arm embedded/4.9 2015q3/bin/../lib/gcc/arm-none-eabi/4.9.3/../../../../arm-none-eabi/lib/armv7e-m\libg.a(lib_a-sbrkr.o) (errno)

Allocating common symbols
Common symbol       size              file

SET_TEST_MODE       0x4               ..\obj\usbd_core.o
errno               0x4               d:/program files (x86)/polibuda/gnu tools arm embedded/4.9 2015q3/bin/../lib/gcc/arm-none-eabi/4.9.3/../../../../arm-none-eabi/lib/armv7e-m\libg.a(lib_a-reent.o)
acc_y               0x1               ..\obj\main.o
USB_OTG_dev         0x5f4             ..\obj\usbd_usr.o
acc_x               0x1               ..\obj\main.o
mult                0x4               ..\obj\tm_stm32f4_delay.o
USBD_StrDesc        0x40              ..\obj\usbd_req.o
acc_z               0x1               ..\obj\main.o

Discarded input sections

 .text          0x00000000        0x0 ..\obj\stm32f4xx_syscfg.o
 .data          0x00000000        0x0 ..\obj\stm32f4xx_syscfg.o
 .bss           0x00000000        0x0 ..\obj\stm32f4xx_syscfg.o
 .text.SYSCFG_DeInit
                0x00000000       0x1c ..\obj\stm32f4xx_syscfg.o
 .text.SYSCFG_MemoryRemapConfig
                0x00000000       0x20 ..\obj\stm32f4xx_syscfg.o
 .text.SYSCFG_MemorySwappingBank
                0x00000000       0x20 ..\obj\stm32f4xx_syscfg.o
 .text.SYSCFG_EXTILineConfig
                0x00000000       0x84 ..\obj\stm32f4xx_syscfg.o
 .text.SYSCFG_ETH_MediaInterfaceConfig
                0x00000000       0x1c ..\obj\stm32f4xx_syscfg.o
 .text.SYSCFG_CompensationCellCmd
                0x00000000       0x20 ..\obj\stm32f4xx_syscfg.o
 .text.SYSCFG_GetCompensationCellStatus
                0x00000000       0x34 ..\obj\stm32f4xx_syscfg.o
 .debug_info    0x00000000      0x290 ..\obj\stm32f4xx_syscfg.o
[...]
Memory Configuration

Name             Origin             Length             Attributes
rom              0x08000000         0x00100000         xr
ram              0x20000000         0x00020000         xrw
ram1             0x10000000         0x00010000         xrw
*default*        0x00000000         0xffffffff

Linker script and memory map

                0x20020000                _eram = 0x20020000

.text           0x08000000     0x4f46
 *(.isr_vector)
 .isr_vector    0x08000000      0x1ac ..\obj\startup_stm32f4xx.o
                0x08000000                g_pfnVectors
 *(.text*)
 .text.USB_OTG_EnableCommonInt
                0x080001ac       0x44 ..\obj\usb_core.o
 .text.USB_OTG_CoreReset
                0x080001f0       0x8c ..\obj\usb_core.o
 .text.USB_OTG_WritePacket
                0x0800027c       0x78 ..\obj\usb_core.o
                0x0800027c                USB_OTG_WritePacket
 .text.USB_OTG_ReadPacket
                0x080002f4       0x58 ..\obj\usb_core.o
                0x080002f4                USB_OTG_ReadPacket
 .text.USB_OTG_SelectCore
                0x0800034c      0x17c ..\obj\usb_core.o
                0x0800034c                USB_OTG_SelectCore
 .text.USB_OTG_CoreInit
                0x080004c8      0x134 ..\obj\usb_core.o
                0x080004c8                USB_OTG_CoreInit
 .text.USB_OTG_EnableGlobalInt
                0x080005fc       0x38 ..\obj\usb_core.o
                0x080005fc                USB_OTG_EnableGlobalInt
 .text.USB_OTG_DisableGlobalInt
                0x08000634       0x38 ..\obj\usb_core.o
                0x08000634                USB_OTG_DisableGlobalInt
 .text.USB_OTG_FlushTxFifo
                0x0800066c       0x7c ..\obj\usb_core.o
                0x0800066c                USB_OTG_FlushTxFifo
 .text.USB_OTG_FlushRxFifo
                0x080006e8       0x60 ..\obj\usb_core.o
                0x080006e8                USB_OTG_FlushRxFifo
 .text.USB_OTG_SetCurrentMode
                0x08000748       0x60 ..\obj\usb_core.o
                0x08000748                USB_OTG_SetCurrentMode
 .text.USB_OTG_GetMode
                0x080007a8       0x20 ..\obj\usb_core.o
                0x080007a8                USB_OTG_GetMode
 .text.USB_OTG_IsDeviceMode
                0x080007c8       0x24 ..\obj\usb_core.o
                0x080007c8                USB_OTG_IsDeviceMode
 .text.USB_OTG_ReadCoreItr
                0x080007ec       0x30 ..\obj\usb_core.o
                0x080007ec                USB_OTG_ReadCoreItr
 .text.USB_OTG_InitDevSpeed
                0x0800081c       0x38 ..\obj\usb_core.o
                0x0800081c                USB_OTG_InitDevSpeed
 .text.USB_OTG_CoreInitDev
                0x08000854      0x264 ..\obj\usb_core.o
                0x08000854                USB_OTG_CoreInitDev
 .text.USB_OTG_EnableDevInt
                0x08000ab8       0xa8 ..\obj\usb_core.o
                0x08000ab8                USB_OTG_EnableDevInt
 .text.USB_OTG_GetDeviceSpeed
                0x08000b60       0x48 ..\obj\usb_core.o
                0x08000b60                USB_OTG_GetDeviceSpeed
 .text.USB_OTG_EP0Activate
                0x08000ba8       0x78 ..\obj\usb_core.o
                0x08000ba8                USB_OTG_EP0Activate
 .text.USB_OTG_EPActivate
                0x08000c20       0xdc ..\obj\usb_core.o
                0x08000c20                USB_OTG_EPActivate
 .text.USB_OTG_EPDeactivate
                0x08000cfc       0x8c ..\obj\usb_core.o
                0x08000cfc                USB_OTG_EPDeactivate
 .text.USB_OTG_EPStartXfer
                0x08000d88      0x280 ..\obj\usb_core.o
                0x08000d88                USB_OTG_EPStartXfer
 .text.USB_OTG_EP0StartXfer
                0x08001008      0x1d4 ..\obj\usb_core.o
                0x08001008                USB_OTG_EP0StartXfer
 .text.USB_OTG_EPSetStall
                0x080011dc       0x88 ..\obj\usb_core.o
                0x080011dc                USB_OTG_EPSetStall
 .text.USB_OTG_EPClearStall
                0x08001264       0x78 ..\obj\usb_core.o
                0x08001264                USB_OTG_EPClearStall
 .text.USB_OTG_ReadDevAllOutEp_itr
                0x080012dc       0x2c ..\obj\usb_core.o
                0x080012dc                USB_OTG_ReadDevAllOutEp_itr
 .text.USB_OTG_ReadDevOutEP_itr
                0x08001308       0x38 ..\obj\usb_core.o
                0x08001308                USB_OTG_ReadDevOutEP_itr
 .text.USB_OTG_ReadDevAllInEPItr
                0x08001340       0x2c ..\obj\usb_core.o
                0x08001340                USB_OTG_ReadDevAllInEPItr
 .text.USB_OTG_EP0_OutStart
                0x0800136c       0x70 ..\obj\usb_core.o
                0x0800136c                USB_OTG_EP0_OutStart
 .text.USB_OTG_UngateClock
                0x080013dc       0x54 ..\obj\usb_core.o
                0x080013dc                USB_OTG_UngateClock
 .text.TM_USB_HIDDEVICE_Init
                0x08001430       0x3c ..\obj\tm_stm32f4_usb_hid_device.o
                0x08001430                TM_USB_HIDDEVICE_Init
 .text.TM_USB_HIDDEVICE_GetStatus
                0x0800146c       0x18 ..\obj\tm_stm32f4_usb_hid_device.o
                0x0800146c                TM_USB_HIDDEVICE_GetStatus
 .text.TM_USB_HIDDEVICE_MouseStructInit
                0x08001484       0x40 ..\obj\tm_stm32f4_usb_hid_device.o
                0x08001484                TM_USB_HIDDEVICE_MouseStructInit
 .text.TM_USB_HIDDEVICE_GamepadStructInit
                0x080014c4       0x94 ..\obj\tm_stm32f4_usb_hid_device.o
                0x080014c4                TM_USB_HIDDEVICE_GamepadStructInit
 .text.TM_USB_HIDDEVICE_GamepadSend
                0x08001558      0x194 ..\obj\tm_stm32f4_usb_hid_device.o
                0x08001558                TM_USB_HIDDEVICE_GamepadSend
 .text.TM_USB_HIDDEVICE_GamepadReleaseAll
                0x080016ec       0x58 ..\obj\tm_stm32f4_usb_hid_device.o
                0x080016ec                TM_USB_HIDDEVICE_GamepadReleaseAll
 .text.TM_USB_HIDDEVICE_KeyboardStructInit
                0x08001744       0x70 ..\obj\tm_stm32f4_usb_hid_device.o
                0x08001744                TM_USB_HIDDEVICE_KeyboardStructInit
 .text.USBD_USR_Init
                0x080017b4       0x18 ..\obj\usbd_usr.o
                0x080017b4                USBD_USR_Init
 .text.USBD_USR_DeviceReset
                0x080017cc       0x20 ..\obj\usbd_usr.o
                0x080017cc                USBD_USR_DeviceReset
 .text.USBD_USR_DeviceConfigured
                0x080017ec       0x18 ..\obj\usbd_usr.o
                0x080017ec                USBD_USR_DeviceConfigured
 .text.USBD_USR_DeviceConnected
                0x08001804       0x18 ..\obj\usbd_usr.o
                0x08001804                USBD_USR_DeviceConnected
 .text.USBD_USR_DeviceDisconnected
                0x0800181c       0x18 ..\obj\usbd_usr.o
                0x0800181c                USBD_USR_DeviceDisconnected
 .text.USBD_USR_DeviceSuspended
                0x08001834       0x18 ..\obj\usbd_usr.o
                0x08001834                USBD_USR_DeviceSuspended
 .text.USBD_USR_DeviceResumed
                0x0800184c       0x18 ..\obj\usbd_usr.o
                0x0800184c                USBD_USR_DeviceResumed
 .text.TM_DISCO_LedInit
                0x08001864       0x2c ..\obj\tm_stm32f4_disco.o
                0x08001864                TM_DISCO_LedInit
 .text.TM_DISCO_ButtonInit
                0x08001890       0x24 ..\obj\tm_stm32f4_disco.o
                0x08001890                TM_DISCO_ButtonInit
 .text.Default_Reset_Handler
                0x080018b4       0x58 ..\obj\startup_stm32f4xx.o
                0x080018b4                Default_Reset_Handler
                0x080018b4                Reset_Handler
 .text.Default_Handler
                0x0800190c        0x8 ..\obj\startup_stm32f4xx.o
                0x0800190c                RTC_Alarm_IRQHandler
                0x0800190c                HASH_RNG_IRQHandler
                0x0800190c                EXTI2_IRQHandler
                0x0800190c                TIM8_CC_IRQHandler
                0x0800190c                DebugMon_Handler
                0x0800190c                UART8_IRQHandler
                0x0800190c                SPI4_IRQHandler
                0x0800190c                TIM1_CC_IRQHandler
                0x0800190c                DMA2_Stream5_IRQHandler
                0x0800190c                HardFault_Handler
                0x0800190c                DMA1_Stream5_IRQHandler
                0x0800190c                PVD_IRQHandler
                0x0800190c                SDIO_IRQHandler
                0x0800190c                TAMP_STAMP_IRQHandler
                0x0800190c                PendSV_Handler
                0x0800190c                NMI_Handler
                0x0800190c                CAN2_RX1_IRQHandler
                0x0800190c                EXTI3_IRQHandler
                0x0800190c                TIM8_TRG_COM_TIM14_IRQHandler
                0x0800190c                TIM1_UP_TIM10_IRQHandler
                0x0800190c                TIM8_UP_TIM13_IRQHandler
                0x0800190c                I2C3_ER_IRQHandler
                0x0800190c                EXTI0_IRQHandler
                0x0800190c                I2C2_EV_IRQHandler
                0x0800190c                DMA1_Stream2_IRQHandler
                0x0800190c                CAN1_RX0_IRQHandler
                0x0800190c                FPU_IRQHandler
                0x0800190c                OTG_HS_WKUP_IRQHandler
                0x0800190c                UsageFault_Handler
                0x0800190c                LTDC_ER_IRQHandler
                0x0800190c                CAN2_SCE_IRQHandler
                0x0800190c                DMA2_Stream2_IRQHandler
                0x0800190c                SPI1_IRQHandler
                0x0800190c                TIM6_DAC_IRQHandler
                0x0800190c                TIM1_BRK_TIM9_IRQHandler
                0x0800190c                DCMI_IRQHandler
                0x0800190c                CAN2_RX0_IRQHandler
                0x0800190c                DMA2_Stream3_IRQHandler
                0x0800190c                USART6_IRQHandler
                0x0800190c                USART3_IRQHandler
                0x0800190c                CRYP_IRQHandler
                0x0800190c                CAN1_RX1_IRQHandler
                0x0800190c                UART5_IRQHandler
                0x0800190c                DMA2_Stream0_IRQHandler
                0x0800190c                TIM4_IRQHandler
                0x0800190c                I2C1_EV_IRQHandler
                0x0800190c                DMA1_Stream6_IRQHandler
                0x0800190c                DMA1_Stream1_IRQHandler
                0x0800190c                UART4_IRQHandler
                0x0800190c                TIM3_IRQHandler
                0x0800190c                RCC_IRQHandler
                0x0800190c                TIM8_BRK_TIM12_IRQHandler
                0x0800190c                EXTI15_10_IRQHandler
                0x0800190c                ADC_IRQHandler
                0x0800190c                DMA1_Stream7_IRQHandler
                0x0800190c                SPI5_IRQHandler
                0x0800190c                TIM7_IRQHandler
                0x0800190c                CAN2_TX_IRQHandler
                0x0800190c                TIM5_IRQHandler
                0x0800190c                DMA2_Stream7_IRQHandler
                0x0800190c                I2C3_EV_IRQHandler
                0x0800190c                EXTI9_5_IRQHandler
                0x0800190c                RTC_WKUP_IRQHandler
                0x0800190c                LTDC_IRQHandler
                0x0800190c                ETH_WKUP_IRQHandler
                0x0800190c                SPI2_IRQHandler
                0x0800190c                OTG_HS_EP1_IN_IRQHandler
                0x0800190c                MemManage_Handler
                0x0800190c                DMA1_Stream0_IRQHandler
                0x0800190c                CAN1_TX_IRQHandler
                0x0800190c                SVC_Handler
                0x0800190c                EXTI4_IRQHandler
                0x0800190c                ETH_IRQHandler
                0x0800190c                OTG_HS_EP1_OUT_IRQHandler
                0x0800190c                WWDG_IRQHandler
                0x0800190c                SPI6_IRQHandler
                0x0800190c                TIM2_IRQHandler
                0x0800190c                TIM1_TRG_COM_TIM11_IRQHandler
                0x0800190c                OTG_HS_IRQHandler
                0x0800190c                DMA2D_IRQHandler
                0x0800190c                EXTI1_IRQHandler
                0x0800190c                UART7_IRQHandler
                0x0800190c                USART2_IRQHandler
                0x0800190c                I2C2_ER_IRQHandler
                0x0800190c                DMA2_Stream1_IRQHandler
                0x0800190c                CAN1_SCE_IRQHandler
                0x0800190c                FLASH_IRQHandler
                0x0800190c                DMA2_Stream4_IRQHandler
                0x0800190c                BusFault_Handler
                0x0800190c                USART1_IRQHandler
                0x0800190c                SPI3_IRQHandler
                0x0800190c                DMA1_Stream4_IRQHandler
                0x0800190c                I2C1_ER_IRQHandler
                0x0800190c                FMC_IRQHandler
                0x0800190c                DMA2_Stream6_IRQHandler
                0x0800190c                SAI1_IRQHandler
                0x0800190c                DMA1_Stream3_IRQHandler
 .text.USBD_HID_Init
                0x08001914       0x30 ..\obj\usbd_hid_core.o
 .text.USBD_HID_DeInit
                0x08001944       0x28 ..\obj\usbd_hid_core.o
 .text.USBD_HID_Setup
                0x0800196c      0x134 ..\obj\usbd_hid_core.o
 .text.USBD_HID_SendReport
                0x08001aa0       0x30 ..\obj\usbd_hid_core.o
                0x08001aa0                USBD_HID_SendReport
 .text.USBD_HID_GetCfgDesc
                0x08001ad0       0x24 ..\obj\usbd_hid_core.o
 .text.USBD_HID_DataIn
                0x08001af4       0x20 ..\obj\usbd_hid_core.o
 .text.USBD_Init
                0x08001b14       0x54 ..\obj\usbd_core.o
                0x08001b14                USBD_Init
 .text.USBD_DeInit
                0x08001b68       0x18 ..\obj\usbd_core.o
                0x08001b68                USBD_DeInit
 .text.USBD_SetupStage
                0x08001b80       0x6c ..\obj\usbd_core.o
 .text.USBD_DataOutStage
                0x08001bec       0xcc ..\obj\usbd_core.o
 .text.USBD_DataInStage
                0x08001cb8      0x11c ..\obj\usbd_core.o
 .text.USBD_RunTestMode
                0x08001dd4       0x24 ..\obj\usbd_core.o
 .text.USBD_Reset
                0x08001df8       0x44 ..\obj\usbd_core.o
 .text.USBD_Resume
                0x08001e3c       0x30 ..\obj\usbd_core.o
 .text.USBD_Suspend
                0x08001e6c       0x30 ..\obj\usbd_core.o
 .text.USBD_SOF
                0x08001e9c       0x2c ..\obj\usbd_core.o
 .text.USBD_SetCfg
                0x08001ec8       0x30 ..\obj\usbd_core.o
                0x08001ec8                USBD_SetCfg
 .text.USBD_ClrCfg
                0x08001ef8       0x28 ..\obj\usbd_core.o
                0x08001ef8                USBD_ClrCfg
 .text.USBD_IsoINIncomplete
                0x08001f20       0x20 ..\obj\usbd_core.o
 .text.USBD_IsoOUTIncomplete
                0x08001f40       0x20 ..\obj\usbd_core.o
 .text.USBD_DevConnected
                0x08001f60       0x24 ..\obj\usbd_core.o
 .text.USBD_DevDisconnected
                0x08001f84       0x34 ..\obj\usbd_core.o
 .text.LIS302DL_Init1
                0x08001fb8       0x28 ..\obj\main.o
                0x08001fb8                LIS302DL_Init1
 .text.main     0x08001fe0      0x274 ..\obj\main.o
                0x08001fe0                main
 .text.RCC_HSEConfig
                0x08002254       0x24 ..\obj\stm32f4xx_rcc.o
                0x08002254                RCC_HSEConfig
 .text.RCC_PLLCmd
                0x08002278       0x20 ..\obj\stm32f4xx_rcc.o
                0x08002278                RCC_PLLCmd
 .text.RCC_SYSCLKConfig
                0x08002298       0x38 ..\obj\stm32f4xx_rcc.o
                0x08002298                RCC_SYSCLKConfig
 .text.RCC_GetSYSCLKSource
                0x080022d0       0x20 ..\obj\stm32f4xx_rcc.o
                0x080022d0                RCC_GetSYSCLKSource
 .text.RCC_AHB1PeriphClockCmd
                0x080022f0       0x3c ..\obj\stm32f4xx_rcc.o
                0x080022f0                RCC_AHB1PeriphClockCmd
 .text.RCC_AHB2PeriphClockCmd
                0x0800232c       0x3c ..\obj\stm32f4xx_rcc.o
                0x0800232c                RCC_AHB2PeriphClockCmd
 .text.RCC_APB2PeriphClockCmd
                0x08002368       0x3c ..\obj\stm32f4xx_rcc.o
                0x08002368                RCC_APB2PeriphClockCmd
 .text.RCC_APB1PeriphResetCmd
                0x080023a4       0x3c ..\obj\stm32f4xx_rcc.o
                0x080023a4                RCC_APB1PeriphResetCmd
 .text.RCC_APB2PeriphResetCmd
                0x080023e0       0x3c ..\obj\stm32f4xx_rcc.o
                0x080023e0                RCC_APB2PeriphResetCmd
 .text.RCC_GetFlagStatus
                0x0800241c       0x74 ..\obj\stm32f4xx_rcc.o
                0x0800241c                RCC_GetFlagStatus
 .text.NVIC_SetPriority
                0x08002490       0x54 ..\obj\tm_stm32f4_delay.o
 .text.SysTick_Config
                0x080024e4       0x44 ..\obj\tm_stm32f4_delay.o
 .text.SysTick_Handler
                0x08002528       0xf0 ..\obj\tm_stm32f4_delay.o
                0x08002528                SysTick_Handler
 .text.TM_DELAY_Init
                0x08002618       0x4c ..\obj\tm_stm32f4_delay.o
                0x08002618                TM_DELAY_Init
 .text.USBD_USR_DeviceDescriptor
                0x08002664       0x24 ..\obj\usbd_desc.o
                0x08002664                USBD_USR_DeviceDescriptor
 .text.USBD_USR_LangIDStrDescriptor
                0x08002688       0x24 ..\obj\usbd_desc.o
                0x08002688                USBD_USR_LangIDStrDescriptor
 .text.USBD_USR_ProductStrDescriptor
                0x080026ac       0x40 ..\obj\usbd_desc.o
                0x080026ac                USBD_USR_ProductStrDescriptor
 .text.USBD_USR_ManufacturerStrDescriptor
                0x080026ec       0x28 ..\obj\usbd_desc.o
                0x080026ec                USBD_USR_ManufacturerStrDescriptor
 .text.USBD_USR_SerialStrDescriptor
                0x08002714       0x40 ..\obj\usbd_desc.o
                0x08002714                USBD_USR_SerialStrDescriptor
 .text.USBD_USR_ConfigStrDescriptor
                0x08002754       0x3c ..\obj\usbd_desc.o
                0x08002754                USBD_USR_ConfigStrDescriptor
 .text.USBD_USR_InterfaceStrDescriptor
                0x08002790       0x3c ..\obj\usbd_desc.o
                0x08002790                USBD_USR_InterfaceStrDescriptor
 .text.GPIO_Init
                0x080027cc      0x11c ..\obj\stm32f4xx_gpio.o
                0x080027cc                GPIO_Init
 .text.GPIO_SetBits
                0x080028e8       0x1c ..\obj\stm32f4xx_gpio.o
                0x080028e8                GPIO_SetBits
 .text.GPIO_ResetBits
                0x08002904       0x1c ..\obj\stm32f4xx_gpio.o
                0x08002904                GPIO_ResetBits
 .text.GPIO_PinAFConfig
                0x08002920       0x90 ..\obj\stm32f4xx_gpio.o
                0x08002920                GPIO_PinAFConfig
 .text.SystemInit
                0x080029b0       0x58 ..\obj\system_stm32f4xx.o
                0x080029b0                SystemInit
 .text.SetSysClock
                0x08002a08       0xf4 ..\obj\system_stm32f4xx.o
 .text.USB_OTG_BSP_Init
                0x08002afc      0x104 ..\obj\usb_bsp.o
                0x08002afc                USB_OTG_BSP_Init
 .text.USB_OTG_BSP_EnableInterrupt
                0x08002c00       0x30 ..\obj\usb_bsp.o
                0x08002c00                USB_OTG_BSP_EnableInterrupt
 .text.USB_OTG_BSP_uDelay
                0x08002c30       0x48 ..\obj\usb_bsp.o
                0x08002c30                USB_OTG_BSP_uDelay
 .text.USB_OTG_BSP_mDelay
                0x08002c78       0x20 ..\obj\usb_bsp.o
                0x08002c78                USB_OTG_BSP_mDelay
 .text.OTG_FS_WKUP_IRQHandler
                0x08002c98       0x6c ..\obj\usb_bsp.o
                0x08002c98                OTG_FS_WKUP_IRQHandler
 .text.OTG_FS_IRQHandler
                0x08002d04       0x10 ..\obj\usb_bsp.o
                0x08002d04                OTG_FS_IRQHandler
 .text.USBD_StdDevReq
                0x08002d14       0xa0 ..\obj\usbd_req.o
                0x08002d14                USBD_StdDevReq
 .text.USBD_StdItfReq
                0x08002db4       0x68 ..\obj\usbd_req.o
                0x08002db4                USBD_StdItfReq
 .text.USBD_StdEPReq
                0x08002e1c      0x1b0 ..\obj\usbd_req.o
                0x08002e1c                USBD_StdEPReq
 .text.USBD_GetDescriptor
                0x08002fcc      0x1b8 ..\obj\usbd_req.o
 .text.USBD_SetAddress
                0x08003184       0x7c ..\obj\usbd_req.o
 .text.USBD_SetConfig
                0x08003200       0xf4 ..\obj\usbd_req.o
 .text.USBD_GetConfig
                0x080032f4       0x60 ..\obj\usbd_req.o
 .text.USBD_GetStatus
                0x08003354       0x54 ..\obj\usbd_req.o
 .text.USBD_SetFeature
                0x080033a8       0xd8 ..\obj\usbd_req.o
 .text.USBD_ClrFeature
                0x08003480       0x50 ..\obj\usbd_req.o
 .text.USBD_ParseSetupRequest
                0x080034d0       0x90 ..\obj\usbd_req.o
                0x080034d0                USBD_ParseSetupRequest
 .text.USBD_CtlError
                0x08003560       0x28 ..\obj\usbd_req.o
                0x08003560                USBD_CtlError
 .text.USBD_GetString
                0x08003588       0x84 ..\obj\usbd_req.o
                0x08003588                USBD_GetString
 .text.USBD_GetLen
                0x0800360c       0x30 ..\obj\usbd_req.o
 .text.USBD_OTG_ISR_Handler
                0x0800363c      0x190 ..\obj\usb_dcd_int.o
                0x0800363c                USBD_OTG_ISR_Handler
 .text.DCD_SessionRequest_ISR
                0x080037cc       0x34 ..\obj\usb_dcd_int.o
 .text.DCD_OTG_ISR
                0x08003800       0x3c ..\obj\usb_dcd_int.o
 .text.DCD_HandleResume_ISR
                0x0800383c       0x80 ..\obj\usb_dcd_int.o
 .text.DCD_HandleUSBSuspend_ISR
                0x080038bc       0xbc ..\obj\usb_dcd_int.o
 .text.DCD_HandleInEP_ISR
                0x08003978      0x19c ..\obj\usb_dcd_int.o
 .text.DCD_HandleOutEP_ISR
                0x08003b14      0x150 ..\obj\usb_dcd_int.o
 .text.DCD_HandleSof_ISR
                0x08003c64       0x34 ..\obj\usb_dcd_int.o
 .text.DCD_HandleRxStatusQueueLevel_ISR
                0x08003c98      0x104 ..\obj\usb_dcd_int.o
 .text.DCD_WriteEmptyTxFifo
                0x08003d9c       0xe4 ..\obj\usb_dcd_int.o
 .text.DCD_HandleUsbReset_ISR
                0x08003e80      0x120 ..\obj\usb_dcd_int.o
 .text.DCD_HandleEnumDone_ISR
                0x08003fa0       0x78 ..\obj\usb_dcd_int.o
 .text.DCD_IsoINIncomplete_ISR
                0x08004018       0x34 ..\obj\usb_dcd_int.o
 .text.DCD_IsoOUTIncomplete_ISR
                0x0800404c       0x34 ..\obj\usb_dcd_int.o
 .text.DCD_ReadDevInEP
                0x08004080       0x50 ..\obj\usb_dcd_int.o
 .text.SPI_I2S_DeInit
                0x080040d0       0xd8 ..\obj\stm32f4xx_spi.o
                0x080040d0                SPI_I2S_DeInit
 .text.SPI_Init
                0x080041a8       0x88 ..\obj\stm32f4xx_spi.o
                0x080041a8                SPI_Init
 .text.SPI_Cmd  0x08004230       0x40 ..\obj\stm32f4xx_spi.o
                0x08004230                SPI_Cmd
 .text.SPI_I2S_ReceiveData
                0x08004270       0x1c ..\obj\stm32f4xx_spi.o
                0x08004270                SPI_I2S_ReceiveData
 .text.SPI_I2S_SendData
                0x0800428c       0x1c ..\obj\stm32f4xx_spi.o
                0x0800428c                SPI_I2S_SendData
 .text.SPI_I2S_GetFlagStatus
                0x080042a8       0x38 ..\obj\stm32f4xx_spi.o
                0x080042a8                SPI_I2S_GetFlagStatus
 .text.EXTI_Init
                0x080042e0       0xe4 ..\obj\stm32f4xx_exti.o
                0x080042e0                EXTI_Init
 .text.EXTI_ClearITPendingBit
                0x080043c4       0x1c ..\obj\stm32f4xx_exti.o
                0x080043c4                EXTI_ClearITPendingBit
 .text.NVIC_PriorityGroupConfig
                0x080043e0       0x24 ..\obj\misc.o
                0x080043e0                NVIC_PriorityGroupConfig
 .text.NVIC_Init
                0x08004404       0xc0 ..\obj\misc.o
                0x08004404                NVIC_Init
 .text.DCD_Init
                0x080044c4      0x104 ..\obj\usb_dcd.o
                0x080044c4                DCD_Init
 .text.DCD_EP_Open
                0x080045c8       0xac ..\obj\usb_dcd.o
                0x080045c8                DCD_EP_Open
 .text.DCD_EP_Close
                0x08004674       0x74 ..\obj\usb_dcd.o
                0x08004674                DCD_EP_Close
 .text.DCD_EP_PrepareRx
                0x080046e8       0x84 ..\obj\usb_dcd.o
                0x080046e8                DCD_EP_PrepareRx
 .text.DCD_EP_Tx
                0x0800476c       0x78 ..\obj\usb_dcd.o
                0x0800476c                DCD_EP_Tx
 .text.DCD_EP_Stall
                0x080047e4       0x78 ..\obj\usb_dcd.o
                0x080047e4                DCD_EP_Stall
 .text.DCD_EP_ClrStall
                0x0800485c       0x78 ..\obj\usb_dcd.o
                0x0800485c                DCD_EP_ClrStall
 .text.DCD_EP_Flush
                0x080048d4       0x34 ..\obj\usb_dcd.o
                0x080048d4                DCD_EP_Flush
 .text.DCD_EP_SetAddress
                0x08004908       0x3c ..\obj\usb_dcd.o
                0x08004908                DCD_EP_SetAddress
 .text.TM_GPIO_Init
                0x08004944       0x44 ..\obj\tm_stm32f4_gpio.o
                0x08004944                TM_GPIO_Init
 .text.TM_GPIO_GetPortSource
                0x08004988       0x24 ..\obj\tm_stm32f4_gpio.o
                0x08004988                TM_GPIO_GetPortSource
 .text.TM_GPIO_INT_EnableClock
                0x080049ac       0x2c ..\obj\tm_stm32f4_gpio.o
                0x080049ac                TM_GPIO_INT_EnableClock
 .text.TM_GPIO_INT_Init
                0x080049d8      0x10c ..\obj\tm_stm32f4_gpio.o
                0x080049d8                TM_GPIO_INT_Init
 .text.LIS302DL_Init
                0x08004ae4       0x4c ..\obj\stm32f4_discovery_lis302dl.o
                0x08004ae4                LIS302DL_Init
 .text.LIS302DL_Write
                0x08004b30       0x60 ..\obj\stm32f4_discovery_lis302dl.o
                0x08004b30                LIS302DL_Write
 .text.LIS302DL_Read
                0x08004b90       0x6c ..\obj\stm32f4_discovery_lis302dl.o
                0x08004b90                LIS302DL_Read
 .text.LIS302DL_LowLevel_Init
                0x08004bfc      0x134 ..\obj\stm32f4_discovery_lis302dl.o
 .text.LIS302DL_SendByte
                0x08004d30       0x90 ..\obj\stm32f4_discovery_lis302dl.o
 .text.LIS302DL_TIMEOUT_UserCallback
                0x08004dc0        0x8 ..\obj\stm32f4_discovery_lis302dl.o
                0x08004dc0                LIS302DL_TIMEOUT_UserCallback
 .text.USBD_CtlSendData
                0x08004dc8       0x40 ..\obj\usbd_ioreq.o
                0x08004dc8                USBD_CtlSendData
 .text.USBD_CtlContinueSendData
                0x08004e08       0x28 ..\obj\usbd_ioreq.o
                0x08004e08                USBD_CtlContinueSendData
 .text.USBD_CtlContinueRx
                0x08004e30       0x28 ..\obj\usbd_ioreq.o
                0x08004e30                USBD_CtlContinueRx
 .text.USBD_CtlSendStatus
                0x08004e58       0x30 ..\obj\usbd_ioreq.o
                0x08004e58                USBD_CtlSendStatus
 .text.USBD_CtlReceiveStatus
                0x08004e88       0x30 ..\obj\usbd_ioreq.o
                0x08004e88                USBD_CtlReceiveStatus
 *(.init)
 *(.fini)
 *crtbegin.o(.ctors)
 *crtbegin?.o(.ctors)
 *(EXCLUDE_FILE(*crtend.o *crtend?.o) .ctors)
 *(SORT(.ctors.*))
 *(.ctors)
 *crtbegin.o(.dtors)
 *crtbegin?.o(.dtors)
 *(EXCLUDE_FILE(*crtend.o *crtend?.o) .dtors)
 *(SORT(.dtors.*))
 *(.dtors)
 *(.rodata*)
 .rodata        0x08004eb8       0x8e ..\obj\usbd_desc.o
 *(.eh_fram e*)

.glue_7         0x08004f48        0x0
 .glue_7        0x00000000        0x0 linker stubs

.glue_7t        0x08004f48        0x0
 .glue_7t       0x00000000        0x0 linker stubs

.vfp11_veneer   0x08004f48        0x0
 .vfp11_veneer  0x00000000        0x0 linker stubs

.v4_bx          0x08004f48        0x0
 .v4_bx         0x00000000        0x0 linker stubs

.iplt           0x08004f48        0x0
 .iplt          0x00000000        0x0 ..\obj\stm32f4xx_syscfg.o

.rel.dyn        0x08004f48        0x0
 .rel.iplt      0x00000000        0x0 ..\obj\stm32f4xx_syscfg.o

.ARM.extab
 *(.ARM.extab* .gnu.linkonce.armextab.*)
                0x08004f48                __exidx_start = .

.ARM.exidx
 *(.ARM.exidx* .gnu.linkonce.armexidx.*)
                0x08004f48                __exidx_end = .
                0x08004f48                __etext = .
                0x08004f46                _sidata = __etext

.data           0x20000000      0x1bc load address 0x08004f46
                0x20000000                __data_start__ = .
                0x20000000                _sdata = __data_start__
 *(vtable)
 *(.data*)
 .data          0x20000000       0x1c ..\obj\usbd_usr.o
                0x20000000                USR_cb
 .data          0x2000001c      0x115 ..\obj\usbd_hid_core.o
                0x2000001c                USBD_HID_cb
 *fill*         0x20000131        0x3 
 .data          0x20000134       0x30 ..\obj\usbd_core.o
                0x20000134                USBD_DCD_INT_cb
                0x20000160                USBD_DCD_INT_fops
 .data          0x20000164       0x40 ..\obj\usbd_desc.o
                0x20000164                USR_desc
                0x20000180                USBD_DeviceDesc
                0x20000194                USBD_DeviceQualifierDesc
                0x200001a0                USBD_LangIDDesc
 .data          0x200001a4       0x14 ..\obj\system_stm32f4xx.o
                0x200001a4                SystemCoreClock
                0x200001a8                AHBPrescTable
 .data          0x200001b8        0x4 ..\obj\stm32f4_discovery_lis302dl.o
                0x200001b8                LIS302DLTimeout
                0x200001bc                . = ALIGN (0x4)
                0x200001bc                PROVIDE (__preinit_array_start, .)
 *(.preinit_array)
                0x200001bc                PROVIDE (__preinit_array_end, .)
                0x200001bc                . = ALIGN (0x4)
                0x200001bc                PROVIDE (__init_array_start, .)
 *(SORT(.init_array.*))
 *(.init_array)
                0x200001bc                PROVIDE (__init_array_end, .)
                0x200001bc                . = ALIGN (0x4)
                0x200001bc                PROVIDE (__fini_array_start, .)
 *(SORT(.fini_array.*))
 *(.fini_array)
                0x200001bc                PROVIDE (__fini_array_end, .)
 *(.jcr*)
                0x200001bc                . = ALIGN (0x4)
                0x200001bc                __data_end__ = .
                0x200001bc                _edata = __data_end__

.igot.plt       0x200001bc        0x0 load address 0x08005104
 .igot.plt      0x00000000        0x0 ..\obj\stm32f4xx_syscfg.o

.bss            0x200001bc      0x6a0 load address 0x08005104
                0x200001bc                . = ALIGN (0x4)
                0x200001bc                __bss_start__ = .
                0x200001bc                _sbss = __bss_start__
 *(.bss*)
 .bss           0x200001bc        0x1 ..\obj\usbd_usr.o
                0x200001bc                TM_USB_HIDDEVICE_INT_Status
 *fill*         0x200001bd        0x3 
 .bss           0x200001c0        0xc ..\obj\usbd_hid_core.o
 .bss           0x200001cc       0x28 ..\obj\tm_stm32f4_delay.o
                0x200001cc                TM_TimingDelay
                0x200001d0                TM_Time
                0x200001d4                TM_Time2
                0x200001d8                TM_DELAY_Initialized
 .bss           0x200001f4        0xd ..\obj\usbd_req.o
                0x200001f4                USBD_ep_status
                0x200001f8                USBD_default_cfg
                0x200001fc                USBD_cfg_status
 *fill*         0x20000201        0x3 
 .bss           0x20000204       0x16 ..\obj\tm_stm32f4_gpio.o
 *(COMMON)
 *fill*         0x2000021a        0x2 
 COMMON         0x2000021c      0x5f4 ..\obj\usbd_usr.o
                0x2000021c                USB_OTG_dev
 COMMON         0x20000810        0x4 ..\obj\usbd_core.o
                0x20000810                SET_TEST_MODE
 COMMON         0x20000814        0x3 ..\obj\main.o
                0x20000814                acc_y
                0x20000815                acc_x
                0x20000816                acc_z
 *fill*         0x20000817        0x1 
 COMMON         0x20000818        0x4 ..\obj\tm_stm32f4_delay.o
                0x20000818                mult
 COMMON         0x2000081c       0x40 ..\obj\usbd_req.o
                0x2000081c                USBD_StrDesc
                0x2000085c                . = ALIGN (0x4)
                0x2000085c                __bss_end__ = .
                0x2000085c                _ebss = __bss_end__

.heap           0x2000085c        0x0
                0x2000085c                __end__ = .
                0x2000085c                _end = __end__
                0x2000085c                end = __end__
 *(.heap*)
                0x2000085c                __HeapLimit = .

.co_stack       0x2000085c      0x804 load address 0x080057a4
                0x20000860                . = ALIGN (0x8)
 *fill*         0x2000085c        0x4 
 *(.co_stack .co_stack.*)
 .co_stack      0x20000860      0x800 ..\obj\startup_stm32f4xx.o
                0x20000860                pulStack
                0x20020000                __StackTop = (ORIGIN (ram) + 0x20000)
                0x2001f7fc                __StackLimit = (__StackTop - SIZEOF (.co_stack))
                0x20020000                PROVIDE (__stack, __StackTop)
                0x00000001                ASSERT ((__StackLimit >= __HeapLimit), region ram  overflowed with stack)
LOAD ..\obj\stm32f4xx_syscfg.o
LOAD ..\obj\usb_core.o
LOAD ..\obj\stm32f4xx_sdio.o
LOAD ..\obj\tm_stm32f4_usb_hid_device.o
LOAD ..\obj\stm32f4xx_cryp_aes.o
LOAD ..\obj\stm32f4xx_dma2d.o
LOAD ..\obj\stm32f4xx_hash.o
LOAD ..\obj\usbd_usr.o
LOAD ..\obj\stm32f4xx_hash_sha1.o
LOAD ..\obj\stm32f4xx_usart.o
LOAD ..\obj\stm32f4xx_pwr.o
LOAD ..\obj\stm32f4xx_can.o
LOAD ..\obj\stm32f4xx_wwdg.o
LOAD ..\obj\stm32f4xx_hash_md5.o
LOAD ..\obj\stm32f4xx_dac.o
LOAD ..\obj\tm_stm32f4_disco.o
LOAD ..\obj\stm32f4xx_ltdc.o
LOAD ..\obj\startup_stm32f4xx.o
LOAD ..\obj\stm32f4xx_crc.o
LOAD ..\obj\usbd_hid_core.o
LOAD ..\obj\stm32f4xx_iwdg.o
LOAD ..\obj\usbd_core.o
LOAD ..\obj\main.o
LOAD ..\obj\stm32f4xx_rcc.o
LOAD ..\obj\stm32f4xx_adc.o
LOAD ..\obj\stm32f4xx_dcmi.o
LOAD ..\obj\tm_stm32f4_delay.o
LOAD ..\obj\usbd_desc.o
LOAD ..\obj\stm32f4xx_cryp_des.o
LOAD ..\obj\stm32f4xx_cryp.o
LOAD ..\obj\stm32f4xx_gpio.o
LOAD ..\obj\stm32f4xx_flash.o
LOAD ..\obj\stm32f4xx_sai.o
LOAD ..\obj\system_stm32f4xx.o
LOAD ..\obj\stm32f4xx_dma.o
LOAD ..\obj\usb_bsp.o
LOAD ..\obj\stm32f4xx_fmc.o
LOAD ..\obj\usbd_req.o
LOAD ..\obj\usb_dcd_int.o
LOAD ..\obj\stm32f4xx_spi.o
LOAD ..\obj\stm32f4xx_i2c.o
LOAD ..\obj\stm32f4xx_rng.o
LOAD ..\obj\stm32f4xx_exti.o
LOAD ..\obj\misc.o
LOAD ..\obj\usb_dcd.o
LOAD ..\obj\tm_stm32f4_gpio.o
LOAD ..\obj\stm32f4_discovery_lis302dl.o
LOAD ..\obj\stm32f4xx_rtc.o
LOAD ..\obj\tm_stm32f4_timer_properties.o
LOAD ..\obj\usbd_ioreq.o
LOAD ..\obj\stm32f4xx_cryp_tdes.o
LOAD ..\obj\stm32f4xx_tim.o
LOAD ..\obj\stm32f4xx_dbgmcu.o
START GROUP
LOAD d:/program files (x86)/polibuda/gnu tools arm embedded/4.9 2015q3/bin/../lib/gcc/arm-none-eabi/4.9.3/armv7e-m\libgcc.a
LOAD d:/program files (x86)/polibuda/gnu tools arm embedded/4.9 2015q3/bin/../lib/gcc/arm-none-eabi/4.9.3/../../../../arm-none-eabi/lib/armv7e-m\libg.a
LOAD d:/program files (x86)/polibuda/gnu tools arm embedded/4.9 2015q3/bin/../lib/gcc/arm-none-eabi/4.9.3/../../../../arm-none-eabi/lib/armv7e-m\libc.a
END GROUP
OUTPUT(stm32f429_project.elf elf32-littlearm)

.debug_info     0x00000000    0x11027
 .debug_info    0x00000000     0x2484 ..\obj\usb_core.o
 .debug_info    0x00002484     0x1007 ..\obj\tm_stm32f4_usb_hid_device.o
 .debug_info    0x0000348b      0xbb1 ..\obj\usbd_usr.o
 .debug_info    0x0000403c      0x263 ..\obj\tm_stm32f4_disco.o
 .debug_info    0x0000429f       0xed ..\obj\startup_stm32f4xx.o
 .debug_info    0x0000438c      0xcec ..\obj\usbd_hid_core.o
 .debug_info    0x00005078     0x1037 ..\obj\usbd_core.o
 .debug_info    0x000060af      0x5f9 ..\obj\main.o
 .debug_info    0x000066a8      0xe11 ..\obj\stm32f4xx_rcc.o
 .debug_info    0x000074b9      0xa56 ..\obj\tm_stm32f4_delay.o
 .debug_info    0x00007f0f      0x363 ..\obj\usbd_desc.o
 .debug_info    0x00008272      0x605 ..\obj\stm32f4xx_gpio.o
 .debug_info    0x00008877      0x5b9 ..\obj\system_stm32f4xx.o
 .debug_info    0x00008e30     0x126e ..\obj\usb_bsp.o
 .debug_info    0x0000a09e      0xfdc ..\obj\usbd_req.o
 .debug_info    0x0000b07a     0x1eee ..\obj\usb_dcd_int.o
 .debug_info    0x0000cf68      0xb21 ..\obj\stm32f4xx_spi.o
 .debug_info    0x0000da89      0x338 ..\obj\stm32f4xx_exti.o
 .debug_info    0x0000ddc1      0x53d ..\obj\misc.o
 .debug_info    0x0000e2fe     0x1040 ..\obj\usb_dcd.o
 .debug_info    0x0000f33e      0x837 ..\obj\tm_stm32f4_gpio.o
 .debug_info    0x0000fb75      0x7da ..\obj\stm32f4_discovery_lis302dl.o
 .debug_info    0x0001034f      0xcd8 ..\obj\usbd_ioreq.o

.debug_abbrev   0x00000000     0x291c
 .debug_abbrev  0x00000000      0x2e7 ..\obj\usb_core.o
 .debug_abbrev  0x000002e7      0x22c ..\obj\tm_stm32f4_usb_hid_device.o
 .debug_abbrev  0x00000513      0x19c ..\obj\usbd_usr.o
 .debug_abbrev  0x000006af       0xee ..\obj\tm_stm32f4_disco.o
 .debug_abbrev  0x0000079d       0xb0 ..\obj\startup_stm32f4xx.o
 .debug_abbrev  0x0000084d      0x1f6 ..\obj\usbd_hid_core.o
 .debug_abbrev  0x00000a43      0x275 ..\obj\usbd_core.o
 .debug_abbrev  0x00000cb8      0x144 ..\obj\main.o
 .debug_abbrev  0x00000dfc      0x1ba ..\obj\stm32f4xx_rcc.o
 .debug_abbrev  0x00000fb6      0x2c4 ..\obj\tm_stm32f4_delay.o
 .debug_abbrev  0x0000127a      0x12c ..\obj\usbd_desc.o
 .debug_abbrev  0x000013a6      0x1a3 ..\obj\stm32f4xx_gpio.o
 .debug_abbrev  0x00001549      0x136 ..\obj\system_stm32f4xx.o
 .debug_abbrev  0x0000167f      0x223 ..\obj\usb_bsp.o
 .debug_abbrev  0x000018a2      0x2a4 ..\obj\usbd_req.o
 .debug_abbrev  0x00001b46      0x25b ..\obj\usb_dcd_int.o
 .debug_abbrev  0x00001da1      0x167 ..\obj\stm32f4xx_spi.o
 .debug_abbrev  0x00001f08      0x1a5 ..\obj\stm32f4xx_exti.o
 .debug_abbrev  0x000020ad      0x145 ..\obj\misc.o
 .debug_abbrev  0x000021f2      0x259 ..\obj\usb_dcd.o
 .debug_abbrev  0x0000244b      0x14f ..\obj\tm_stm32f4_gpio.o
 .debug_abbrev  0x0000259a      0x1d3 ..\obj\stm32f4_discovery_lis302dl.o
 .debug_abbrev  0x0000276d      0x1af ..\obj\usbd_ioreq.o

.debug_aranges  0x00000000      0xb68
 .debug_aranges
                0x00000000      0x138 ..\obj\usb_core.o
 .debug_aranges
                0x00000138       0x78 ..\obj\tm_stm32f4_usb_hid_device.o
 .debug_aranges
                0x000001b0       0x50 ..\obj\usbd_usr.o
 .debug_aranges
                0x00000200       0x38 ..\obj\tm_stm32f4_disco.o
 .debug_aranges
                0x00000238       0x28 ..\obj\startup_stm32f4xx.o
 .debug_aranges
                0x00000260       0x48 ..\obj\usbd_hid_core.o
 .debug_aranges
                0x000002a8       0x98 ..\obj\usbd_core.o
 .debug_aranges
                0x00000340       0x28 ..\obj\main.o
 .debug_aranges
                0x00000368      0x1b8 ..\obj\stm32f4xx_rcc.o
 .debug_aranges
                0x00000520       0x80 ..\obj\tm_stm32f4_delay.o
 .debug_aranges
                0x000005a0       0x50 ..\obj\usbd_desc.o
 .debug_aranges
                0x000005f0       0x88 ..\obj\stm32f4xx_gpio.o
 .debug_aranges
                0x00000678       0x30 ..\obj\system_stm32f4xx.o
 .debug_aranges
                0x000006a8       0x48 ..\obj\usb_bsp.o
 .debug_aranges
                0x000006f0       0x88 ..\obj\usbd_req.o
 .debug_aranges
                0x00000778       0x90 ..\obj\usb_dcd_int.o
 .debug_aranges
                0x00000808       0xe0 ..\obj\stm32f4xx_spi.o
 .debug_aranges
                0x000008e8       0x58 ..\obj\stm32f4xx_exti.o
 .debug_aranges
                0x00000940       0x40 ..\obj\misc.o
 .debug_aranges
                0x00000980       0x80 ..\obj\usb_dcd.o
 .debug_aranges
                0x00000a00       0x98 ..\obj\tm_stm32f4_gpio.o
 .debug_aranges
                0x00000a98       0x80 ..\obj\stm32f4_discovery_lis302dl.o
 .debug_aranges
                0x00000b18       0x50 ..\obj\usbd_ioreq.o

.debug_ranges   0x00000000      0x9f8
 .debug_ranges  0x00000000      0x128 ..\obj\usb_core.o
 .debug_ranges  0x00000128       0x68 ..\obj\tm_stm32f4_usb_hid_device.o
 .debug_ranges  0x00000190       0x40 ..\obj\usbd_usr.o
 .debug_ranges  0x000001d0       0x28 ..\obj\tm_stm32f4_disco.o
 .debug_ranges  0x000001f8       0x18 ..\obj\startup_stm32f4xx.o
 .debug_ranges  0x00000210       0x38 ..\obj\usbd_hid_core.o
 .debug_ranges  0x00000248       0x88 ..\obj\usbd_core.o
 .debug_ranges  0x000002d0       0x18 ..\obj\main.o
 .debug_ranges  0x000002e8      0x1a8 ..\obj\stm32f4xx_rcc.o
 .debug_ranges  0x00000490       0x70 ..\obj\tm_stm32f4_delay.o
 .debug_ranges  0x00000500       0x40 ..\obj\usbd_desc.o
 .debug_ranges  0x00000540       0x78 ..\obj\stm32f4xx_gpio.o
 .debug_ranges  0x000005b8       0x20 ..\obj\system_stm32f4xx.o
 .debug_ranges  0x000005d8       0x38 ..\obj\usb_bsp.o
 .debug_ranges  0x00000610       0x78 ..\obj\usbd_req.o
 .debug_ranges  0x00000688       0x80 ..\obj\usb_dcd_int.o
 .debug_ranges  0x00000708       0xd0 ..\obj\stm32f4xx_spi.o
 .debug_ranges  0x000007d8       0x48 ..\obj\stm32f4xx_exti.o
 .debug_ranges  0x00000820       0x30 ..\obj\misc.o
 .debug_ranges  0x00000850       0x70 ..\obj\usb_dcd.o
 .debug_ranges  0x000008c0       0x88 ..\obj\tm_stm32f4_gpio.o
 .debug_ranges  0x00000948       0x70 ..\obj\stm32f4_discovery_lis302dl.o
 .debug_ranges  0x000009b8       0x40 ..\obj\usbd_ioreq.o

.debug_line     0x00000000     0x5b80
 .debug_line    0x00000000      0x77a ..\obj\usb_core.o
 .debug_line    0x0000077a      0x46f ..\obj\tm_stm32f4_usb_hid_device.o
 .debug_line    0x00000be9      0x334 ..\obj\usbd_usr.o
 .debug_line    0x00000f1d      0x33d ..\obj\tm_stm32f4_disco.o
 .debug_line    0x0000125a       0xd6 ..\obj\startup_stm32f4xx.o
 .debug_line    0x00001330      0x2c3 ..\obj\usbd_hid_core.o
 .debug_line    0x000015f3      0x3f0 ..\obj\usbd_core.o
 .debug_line    0x000019e3      0x416 ..\obj\main.o
 .debug_line    0x00001df9      0x742 ..\obj\stm32f4xx_rcc.o
 .debug_line    0x0000253b      0x436 ..\obj\tm_stm32f4_delay.o
 .debug_line    0x00002971      0x2ad ..\obj\usbd_desc.o
 .debug_line    0x00002c1e      0x443 ..\obj\stm32f4xx_gpio.o
 .debug_line    0x00003061      0x27e ..\obj\system_stm32f4xx.o
 .debug_line    0x000032df      0x3f1 ..\obj\usb_bsp.o
 .debug_line    0x000036d0      0x46f ..\obj\usbd_req.o
 .debug_line    0x00003b3f      0x47c ..\obj\usb_dcd_int.o
 .debug_line    0x00003fbb      0x555 ..\obj\stm32f4xx_spi.o
 .debug_line    0x00004510      0x396 ..\obj\stm32f4xx_exti.o
 .debug_line    0x000048a6      0x33f ..\obj\misc.o
 .debug_line    0x00004be5      0x3d9 ..\obj\usb_dcd.o
 .debug_line    0x00004fbe      0x44b ..\obj\tm_stm32f4_gpio.o
 .debug_line    0x00005409      0x4b4 ..\obj\stm32f4_discovery_lis302dl.o
 .debug_line    0x000058bd      0x2c3 ..\obj\usbd_ioreq.o

.debug_str      0x00000000     0x4e6b
 .debug_str     0x00000000     0x13ac ..\obj\usb_core.o
                               0x16d6 (size before relaxing)
 .debug_str     0x000013ac      0x59b ..\obj\tm_stm32f4_usb_hid_device.o
                                0xeb3 (size before relaxing)
 .debug_str     0x00001947      0x136 ..\obj\usbd_usr.o
                                0xb0d (size before relaxing)
 .debug_str     0x00001a7d      0x216 ..\obj\tm_stm32f4_disco.o
                                0x378 (size before relaxing)
 .debug_str     0x00001c93       0xe5 ..\obj\startup_stm32f4xx.o
                                0x17c (size before relaxing)
 .debug_str     0x00001d78      0x188 ..\obj\usbd_hid_core.o
                                0xa7a (size before relaxing)
 .debug_str     0x00001f00      0x1e8 ..\obj\usbd_core.o
                                0xc15 (size before relaxing)
 .debug_str     0x000020e8      0x19f ..\obj\main.o
                                0x633 (size before relaxing)
 .debug_str     0x00002287      0x836 ..\obj\stm32f4xx_rcc.o
                                0x9d2 (size before relaxing)
 .debug_str     0x00002abd      0x868 ..\obj\tm_stm32f4_delay.o
                                0xa60 (size before relaxing)
 .debug_str     0x00003325      0x1ad ..\obj\usbd_desc.o
                                0x3dc (size before relaxing)
 .debug_str     0x000034d2      0x28d ..\obj\stm32f4xx_gpio.o
                                0x4d5 (size before relaxing)
 .debug_str     0x0000375f       0xf0 ..\obj\system_stm32f4xx.o
                                0x3f9 (size before relaxing)
 .debug_str     0x0000384f      0x296 ..\obj\usb_bsp.o
                               0x12e7 (size before relaxing)
 .debug_str     0x00003ae5      0x1b9 ..\obj\usbd_req.o
                                0xb7a (size before relaxing)
 .debug_str     0x00003c9e      0x3b1 ..\obj\usb_dcd_int.o
                               0x1426 (size before relaxing)
 .debug_str     0x0000404f      0x3fc ..\obj\stm32f4xx_spi.o
                                0x6d2 (size before relaxing)
 .debug_str     0x0000444b      0x135 ..\obj\stm32f4xx_exti.o
                                0x381 (size before relaxing)
 .debug_str     0x00004580      0x148 ..\obj\misc.o
                                0x403 (size before relaxing)
 .debug_str     0x000046c8      0x164 ..\obj\usb_dcd.o
                                0xb9e (size before relaxing)
 .debug_str     0x0000482c      0x222 ..\obj\tm_stm32f4_gpio.o
                                0x5fc (size before relaxing)
 .debug_str     0x00004a4e      0x2ff ..\obj\stm32f4_discovery_lis302dl.o
                                0x79f (size before relaxing)
 .debug_str     0x00004d4d      0x11e ..\obj\usbd_ioreq.o
                                0xa2a (size before relaxing)

.comment        0x00000000       0x70
 .comment       0x00000000       0x70 ..\obj\usb_core.o
                                 0x71 (size before relaxing)
 .comment       0x00000000       0x71 ..\obj\tm_stm32f4_usb_hid_device.o
 .comment       0x00000000       0x71 ..\obj\usbd_usr.o
 .comment       0x00000000       0x71 ..\obj\tm_stm32f4_disco.o
 .comment       0x00000000       0x71 ..\obj\startup_stm32f4xx.o
 .comment       0x00000000       0x71 ..\obj\usbd_hid_core.o
 .comment       0x00000000       0x71 ..\obj\usbd_core.o
 .comment       0x00000000       0x71 ..\obj\main.o
 .comment       0x00000000       0x71 ..\obj\stm32f4xx_rcc.o
 .comment       0x00000000       0x71 ..\obj\tm_stm32f4_delay.o
 .comment       0x00000000       0x71 ..\obj\usbd_desc.o
 .comment       0x00000000       0x71 ..\obj\stm32f4xx_gpio.o
 .comment       0x00000000       0x71 ..\obj\system_stm32f4xx.o
 .comment       0x00000000       0x71 ..\obj\usb_bsp.o
 .comment       0x00000000       0x71 ..\obj\usbd_req.o
 .comment       0x00000000       0x71 ..\obj\usb_dcd_int.o
 .comment       0x00000000       0x71 ..\obj\stm32f4xx_spi.o
 .comment       0x00000000       0x71 ..\obj\stm32f4xx_exti.o
 .comment       0x00000000       0x71 ..\obj\misc.o
 .comment       0x00000000       0x71 ..\obj\usb_dcd.o
 .comment       0x00000000       0x71 ..\obj\tm_stm32f4_gpio.o
 .comment       0x00000000       0x71 ..\obj\stm32f4_discovery_lis302dl.o
 .comment       0x00000000       0x71 ..\obj\usbd_ioreq.o

.ARM.attributes
                0x00000000       0x33
 .ARM.attributes
                0x00000000       0x33 ..\obj\usb_core.o
 .ARM.attributes
                0x00000033       0x33 ..\obj\tm_stm32f4_usb_hid_device.o
 .ARM.attributes
                0x00000066       0x33 ..\obj\usbd_usr.o
 .ARM.attributes
                0x00000099       0x33 ..\obj\tm_stm32f4_disco.o
 .ARM.attributes
                0x000000cc       0x33 ..\obj\startup_stm32f4xx.o
 .ARM.attributes
                0x000000ff       0x33 ..\obj\usbd_hid_core.o
 .ARM.attributes
                0x00000132       0x33 ..\obj\usbd_core.o
 .ARM.attributes
                0x00000165       0x33 ..\obj\main.o
 .ARM.attributes
                0x00000198       0x33 ..\obj\stm32f4xx_rcc.o
 .ARM.attributes
                0x000001cb       0x33 ..\obj\tm_stm32f4_delay.o
 .ARM.attributes
                0x000001fe       0x33 ..\obj\usbd_desc.o
 .ARM.attributes
                0x00000231       0x33 ..\obj\stm32f4xx_gpio.o
 .ARM.attributes
                0x00000264       0x33 ..\obj\system_stm32f4xx.o
 .ARM.attributes
                0x00000297       0x33 ..\obj\usb_bsp.o
 .ARM.attributes
                0x000002ca       0x33 ..\obj\usbd_req.o
 .ARM.attributes
                0x000002fd       0x33 ..\obj\usb_dcd_int.o
 .ARM.attributes
                0x00000330       0x33 ..\obj\stm32f4xx_spi.o
 .ARM.attributes
                0x00000363       0x33 ..\obj\stm32f4xx_exti.o
 .ARM.attributes
                0x00000396       0x33 ..\obj\misc.o
 .ARM.attributes
                0x000003c9       0x33 ..\obj\usb_dcd.o
 .ARM.attributes
                0x000003fc       0x33 ..\obj\tm_stm32f4_gpio.o
 .ARM.attributes
                0x0000042f       0x33 ..\obj\stm32f4_discovery_lis302dl.o
 .ARM.attributes
                0x00000462       0x33 ..\obj\usbd_ioreq.o

.debug_frame    0x00000000     0x2d04
 .debug_frame   0x00000000      0x584 ..\obj\usb_core.o
 .debug_frame   0x00000584      0x1c8 ..\obj\tm_stm32f4_usb_hid_device.o
 .debug_frame   0x0000074c       0xf8 ..\obj\usbd_usr.o
 .debug_frame   0x00000844       0x98 ..\obj\tm_stm32f4_disco.o
 .debug_frame   0x000008dc       0x4c ..\obj\startup_stm32f4xx.o
 .debug_frame   0x00000928       0xec ..\obj\usbd_hid_core.o
 .debug_frame   0x00000a14      0x258 ..\obj\usbd_core.o
 .debug_frame   0x00000c6c       0x54 ..\obj\main.o
 .debug_frame   0x00000cc0      0x814 ..\obj\stm32f4xx_rcc.o
 .debug_frame   0x000014d4      0x1ec ..\obj\tm_stm32f4_delay.o
 .debug_frame   0x000016c0      0x114 ..\obj\usbd_desc.o
 .debug_frame   0x000017d4      0x23c ..\obj\stm32f4xx_gpio.o
 .debug_frame   0x00001a10       0x7c ..\obj\system_stm32f4xx.o
 .debug_frame   0x00001a8c       0xdc ..\obj\usb_bsp.o
 .debug_frame   0x00001b68      0x210 ..\obj\usbd_req.o
 .debug_frame   0x00001d78      0x230 ..\obj\usb_dcd_int.o
 .debug_frame   0x00001fa8      0x3f4 ..\obj\stm32f4xx_spi.o
 .debug_frame   0x0000239c      0x148 ..\obj\stm32f4xx_exti.o
 .debug_frame   0x000024e4       0xd8 ..\obj\misc.o
 .debug_frame   0x000025bc      0x1e8 ..\obj\usb_dcd.o
 .debug_frame   0x000027a4      0x278 ..\obj\tm_stm32f4_gpio.o
 .debug_frame   0x00002a1c      0x1d8 ..\obj\stm32f4_discovery_lis302dl.o
 .debug_frame   0x00002bf4      0x110 ..\obj\usbd_ioreq.o
